 engine-netbabel

 Timestamp is 3ae9b97a (Fri Apr 27 19:24:58 2001)

 Preferred load address is 10000000

 Start         Length     Name                   Class
 0001:00000000 00030676H .text                   CODE
 0001:00030680 0000395aH .text$x                 CODE
 0002:00000000 00000398H .idata$5                DATA
 0002:00000398 00000348H .rdata                  DATA
 0002:000006e0 000006bcH .rdata$r                DATA
 0002:00000da0 00003d10H .xdata$x                DATA
 0002:00004ab0 00000078H .idata$2                DATA
 0002:00004b28 00000014H .idata$3                DATA
 0002:00004b3c 00000398H .idata$4                DATA
 0002:00004ed4 00002b7eH .idata$6                DATA
 0002:00007a60 00001a00H .edata                  DATA
 0003:00000000 00000004H .CRT$XCA                DATA
 0003:00000004 00000084H .CRT$XCU                DATA
 0003:00000088 00000004H .CRT$XCZ                DATA
 0003:0000008c 00000004H .CRT$XIA                DATA
 0003:00000090 00000004H .CRT$XIZ                DATA
 0003:000000a0 000025a1H .data                   DATA
 0003:00002648 0000101cH .bss                    DATA

  Address         Publics by Value              Rva+Base     Lib:Object

 0001:00000000       ??0Configurator@@QAE@ABV0@@Z 10001000 f i NetHandlers.obj
 0001:00000190       ??4Configurator@@QAEAAV0@ABV0@@Z 10001190 f i NetHandlers.obj
 0001:000003a0       ??1?$map@V?$basic_string@DU?$char_traits@D@std@@V?$allocator@D@2@@std@@V12@U?$less@V?$basic_string@DU?$char_traits@D@std@@V?$allocator@D@2@@std@@@2@V?$allocator@V?$basic_string@DU?$char_traits@D@std@@V?$allocator@D@2@@std@@@2@@std@@QAE@XZ 100013a0 f i NetHandlers.obj
 0001:00000470       ??0Configurator@@QAE@XZ    10001470 f i NetHandlers.obj
 0001:000004f0       ??1Configurator@@QAE@XZ    100014f0 f i NetHandlers.obj
 0001:000005f0       ?Exists@Configurator@@QBE_NABV?$basic_string@DU?$char_traits@D@std@@V?$allocator@D@2@@std@@@Z 100015f0 f i NetHandlers.obj
 0001:00000680       ??4FlightRecorder@@QAEAAV0@ABV0@@Z 10001680 f i NetHandlers.obj
 0001:00000720       ??0DirectoryManager@@QAE@XZ 10001720 f i NetHandlers.obj
 0001:00000740       ??0DirectoryManager@@QAE@ABV0@@Z 10001740 f i NetHandlers.obj
 0001:00000880       ??2@YAPAXIPAX@Z            10001880 f i NetHandlers.obj
 0001:00000890       ?Handle_Close@CBabelAsyncCore@@MAEXXZ 10001890 f i NetHandlers.obj
 0001:00000890       ?WorldEnding@ModuleInterface@@UAEXXZ 10001890 f i NetHandlers.obj
 0001:00000890       ??3@YAXPAX0@Z              10001890 f i NetHandlers.obj
 0001:00000890       ?Accept@CBabelConnection@@UAEXXZ 10001890 f i NetHandlers.obj
 0001:00000890       ?Close@CBabelConnection@@UAEXXZ 10001890 f i NetHandlers.obj
 0001:00000890       ?Handle_Connect@CBabelAsyncCore@@MAEXXZ 10001890 f i NetHandlers.obj
 0001:00000890       ?Write@CBabelConnection@@UAEXXZ 10001890 f i NetHandlers.obj
 0001:00000890       ?WorldLoaded@ModuleInterface@@UAEXXZ 10001890 f i NetHandlers.obj
 0001:00000890       ?Handle_Read@CBabelAsyncCore@@MAEXXZ 10001890 f i NetHandlers.obj
 0001:00000890       ?Close@CBabelSocket@@UAEXXZ 10001890 f i NetHandlers.obj
 0001:00000890       ?Handle_Write@CBabelAsyncCore@@MAEXXZ 10001890 f i NetHandlers.obj
 0001:00000890       ?Read@CBabelConnection@@UAEXXZ 10001890 f i NetHandlers.obj
 0001:000008a0       ??4DirectoryManager@@QAEAAV0@ABV0@@Z 100018a0 f i NetHandlers.obj
 0001:00000a80       ??1DirectoryManager@@QAE@XZ 10001a80 f i NetHandlers.obj
 0001:00000b00       ?IsLoading@CreaturesArchive@@QAE_NXZ 10001b00 f i NetHandlers.obj
 0001:00000b10       ?IsSaving@CreaturesArchive@@QAE_NXZ 10001b10 f i NetHandlers.obj
 0001:00000b20       ?SetCloningASkeletalCreature@CreaturesArchive@@QAEX_N@Z 10001b20 f i NetHandlers.obj
 0001:00000b30       ?GetCloningASkeletalCreature@CreaturesArchive@@QAE_NXZ 10001b30 f i NetHandlers.obj
 0001:00000b40       ??0CreaturesArchive@@QAE@ABV0@@Z 10001b40 f i NetHandlers.obj
 0001:00000da0       ??4CreaturesArchive@@QAEAAV0@ABV0@@Z 10001da0 f i NetHandlers.obj
 0001:000010a0       ??1?$map@PBVPersistentObject@@JU?$less@PBVPersistentObject@@@std@@V?$allocator@J@3@@std@@QAE@XZ 100020a0 f i NetHandlers.obj
 0001:00001160       ??1?$map@PBMJU?$less@PBM@std@@V?$allocator@J@2@@std@@QAE@XZ 10002160 f i NetHandlers.obj
 0001:00001220       ?GetScriptNames@CAOSDescription@@QAEAAV?$vector@V?$basic_string@DU?$char_traits@D@std@@V?$allocator@D@2@@std@@V?$allocator@V?$basic_string@DU?$char_traits@D@std@@V?$allocator@D@2@@std@@@2@@std@@XZ 10002220 f i NetHandlers.obj
 0001:00001230       ??0CAOSDescription@@QAE@ABV0@@Z 10002230 f i NetHandlers.obj
 0001:000013f0       ??4CAOSDescription@@QAEAAV0@ABV0@@Z 100023f0 f i NetHandlers.obj
 0001:00001670       ??1CAOSDescription@@QAE@XZ 10002670 f i NetHandlers.obj
 0001:000017a0       ?BecomeAZeroedIntegerOnYourNextRead@CAOSVar@@QAEXXZ 100027a0 f i NetHandlers.obj
 0001:000017b0       ?GetType@CAOSVar@@QBEHXZ   100027b0 f i NetHandlers.obj
 0001:000017c0       ??0CAOSVar@@QAE@XZ         100027c0 f i NetHandlers.obj
 0001:000017e0       ??1CAOSVar@@QAE@XZ         100027e0 f i NetHandlers.obj
 0001:00001850       ?GetFloat@CAOSVar@@QAEMXZ  10002850 f i NetHandlers.obj
 0001:00001890       ?GetInteger@CAOSVar@@QAEHXZ 10002890 f i NetHandlers.obj
 0001:000018d0       ?GetString@CAOSVar@@QAEXAAV?$basic_string@DU?$char_traits@D@std@@V?$allocator@D@2@@std@@@Z 100028d0 f i NetHandlers.obj
 0001:00001a70       ?GetAgent@CAOSVar@@QAE?AVAgentHandle@@XZ 10002a70 f i NetHandlers.obj
 0001:00001ac0       ?SetInteger@CAOSVar@@QAEXH@Z 10002ac0 f i NetHandlers.obj
 0001:00001ae0       ?SetFloat@CAOSVar@@QAEXM@Z 10002ae0 f i NetHandlers.obj
 0001:00001b00       ?SetString@CAOSVar@@QAEXABV?$basic_string@DU?$char_traits@D@std@@V?$allocator@D@2@@std@@@Z 10002b00 f i NetHandlers.obj
 0001:00001c50       ?SetAgent@CAOSVar@@QAEXVAgentHandle@@@Z 10002c50 f i NetHandlers.obj
 0001:00001cf0       ?GetScript@CAOSMachine@@QAEPAVMacroScript@@XZ 10002cf0 f i NetHandlers.obj
 0001:00001d00       ?FetchOp@CAOSMachine@@QAEGXZ 10002d00 f i NetHandlers.obj
 0001:00001d20       ?PeekOp@CAOSMachine@@QAEGXZ 10002d20 f i NetHandlers.obj
 0001:00001d30       ?FetchInteger@CAOSMachine@@QAEHXZ 10002d30 f i NetHandlers.obj
 0001:00001d50       ?FetchFloat@CAOSMachine@@QAEMXZ 10002d50 f i NetHandlers.obj
 0001:00001d70       ?FetchString@CAOSMachine@@QAEXAAV?$basic_string@DU?$char_traits@D@std@@V?$allocator@D@2@@std@@@Z 10002d70 f i NetHandlers.obj
 0001:00001e50       ?SetIP@CAOSMachine@@QAEXH@Z 10002e50 f i NetHandlers.obj
 0001:00001e60       ?GetIP@CAOSMachine@@QAEHXZ 10002e60 f i NetHandlers.obj
 0001:00001e70       ?Push@CAOSMachine@@QAEXH@Z 10002e70 f i NetHandlers.obj
 0001:00002030       ?PushString@CAOSMachine@@QAEXABV?$basic_string@DU?$char_traits@D@std@@V?$allocator@D@2@@std@@@Z 10003030 f i NetHandlers.obj
 0001:000021e0       ?PushHandle@CAOSMachine@@QAEXAAVAgentHandle@@@Z 100031e0 f i NetHandlers.obj
 0001:00002390       ?Pop@CAOSMachine@@QAEHXZ   10003390 f i NetHandlers.obj
 0001:000023d0       ?PopHandle@CAOSMachine@@QAE?AVAgentHandle@@XZ 100033d0 f i NetHandlers.obj
 0001:00002490       ?PopString@CAOSMachine@@QAE?AV?$basic_string@DU?$char_traits@D@std@@V?$allocator@D@2@@std@@XZ 10003490 f i NetHandlers.obj
 0001:000025a0       ?GetTarg@CAOSMachine@@QAE?AVAgentHandle@@XZ 100035a0 f i NetHandlers.obj
 0001:000025d0       ?GetOwner@CAOSMachine@@QAE?AVAgentHandle@@XZ 100035d0 f i NetHandlers.obj
 0001:00002600       ?GetFrom@CAOSMachine@@QAE?AVCAOSVar@@XZ 10003600 f i NetHandlers.obj
 0001:00002630       ?GetIT@CAOSMachine@@QAE?AVAgentHandle@@XZ 10003630 f i NetHandlers.obj
 0001:00002660       ?GetPart@CAOSMachine@@QAEHXZ 10003660 f i NetHandlers.obj
 0001:00002670       ?GetCamera@CAOSMachine@@QAEPAVCamera@@XZ 10003670 f i NetHandlers.obj
 0001:00002680       ?SetTarg@CAOSMachine@@QAEXAAVAgentHandle@@@Z 10003680 f i NetHandlers.obj
 0001:000026a0       ?SetPart@CAOSMachine@@QAEXH@Z 100036a0 f i NetHandlers.obj
 0001:000026b0       ?SetCamera@CAOSMachine@@QAEXPAVCamera@@@Z 100036b0 f i NetHandlers.obj
 0001:000026c0       ?GetCurrentCmd@CAOSMachine@@QAEGXZ 100036c0 f i NetHandlers.obj
 0001:000026d0       ?IsBlocking@CAOSMachine@@QAE_NXZ 100036d0 f i NetHandlers.obj
 0001:000026e0       ?GetSecondaryOp@CAOSMachine@@QAEGXZ 100036e0 f i NetHandlers.obj
 0001:000026f0       ?SetInstFlag@CAOSMachine@@QAEX_N@Z 100036f0 f i NetHandlers.obj
 0001:00002700       ?GetInstFlag@CAOSMachine@@QAE_NXZ 10003700 f i NetHandlers.obj
 0001:00002710       ?GetOutStream@CAOSMachine@@QAEPAV?$basic_ostream@DU?$char_traits@D@std@@@std@@XZ 10003710 f i NetHandlers.obj
 0001:00002730       ?GetInStream@CAOSMachine@@QAEPAV?$basic_istream@DU?$char_traits@D@std@@@std@@XZ 10003730 f i NetHandlers.obj
 0001:00002750       ?GetUnvalidatedOutStream@CAOSMachine@@QAEPAV?$basic_ostream@DU?$char_traits@D@std@@@std@@XZ 10003750 f i NetHandlers.obj
 0001:00002760       ?IsRunning@CAOSMachine@@QAE_NXZ 10003760 f i NetHandlers.obj
 0001:00002770       ?IsLocked@CAOSMachine@@QAE_NXZ 10003770 f i NetHandlers.obj
 0001:00002780       ?ClearQuanta@CAOSMachine@@QAEXXZ 10003780 f i NetHandlers.obj
 0001:00002790       ??0CAOSMachine@@QAE@ABV0@@Z 10003790 f i NetHandlers.obj
 0001:00002a50       ?GetClassNameX@PersistentObject@@UBEPBDXZ 10003a50 f i NetHandlers.obj
 0001:00002a60       ??1PersistentObject@@UAE@XZ 10003a60 f i NetHandlers.obj
 0001:00002a70       ?Persistent@ModuleInterface@@UAE_NXZ 10003a70 f i NetHandlers.obj
 0001:00002a70       ?IsAgent@PersistentObject@@UBE_NXZ 10003a70 f i NetHandlers.obj
 0001:00002a80       ?Read@ModuleInterface@@UAE_NAAVCreaturesArchive@@@Z 10003a80 f i NetHandlers.obj
 0001:00002a80       ?Write@PersistentObject@@UBE_NAAVCreaturesArchive@@@Z 10003a80 f i NetHandlers.obj
 0001:00002a80       ?Read@PersistentObject@@UAE_NAAVCreaturesArchive@@@Z 10003a80 f i NetHandlers.obj
 0001:00002a80       ?Write@ModuleInterface@@UAE_NAAVCreaturesArchive@@@Z 10003a80 f i NetHandlers.obj
 0001:00002a90       ??_EPersistentObject@@UAEPAXI@Z 10003a90 f i NetHandlers.obj
 0001:00002a90       ??_GPersistentObject@@UAEPAXI@Z 10003a90 f i NetHandlers.obj
 0001:00002ac0       ??4CAOSMachine@@QAEAAV0@ABV0@@Z 10003ac0 f i NetHandlers.obj
 0001:00002e10       ??_ECAOSMachine@@UAEPAXI@Z 10003e10 f i NetHandlers.obj
 0001:00002e70       ?ValidateTarg@CAOSMachine@@QAEXXZ 10003e70 f i NetHandlers.obj
 0001:00002e90       ?ValidateOwner@CAOSMachine@@QAEXXZ 10003e90 f i NetHandlers.obj
 0001:00002eb0       ??0PrayBuilder@@QAE@ABV0@@Z 10003eb0 f i NetHandlers.obj
 0001:00002fe0       ??4PrayBuilder@@QAEAAV0@ABV0@@Z 10003fe0 f i NetHandlers.obj
 0001:000031f0       ??1PrayBuilder@@QAE@XZ     100041f0 f i NetHandlers.obj
 0001:000032a0       ?AddDir@PrayManager@@QAEXV?$basic_string@DU?$char_traits@D@std@@V?$allocator@D@2@@std@@@Z 100042a0 f i NetHandlers.obj
 0001:00003320       ?ClearDirList@PrayManager@@QAEXXZ 10004320 f i NetHandlers.obj
 0001:000033e0       ?SetLanguage@PrayManager@@QAEXV?$basic_string@DU?$char_traits@D@std@@V?$allocator@D@2@@std@@@Z 100043e0 f i NetHandlers.obj
 0001:00003560       ?AddChunkFileExtension@PrayManager@@QAEXABV?$basic_string@DU?$char_traits@D@std@@V?$allocator@D@2@@std@@@Z 10004560 f i NetHandlers.obj
 0001:000035c0       ?ClearChunkFileExtensionList@PrayManager@@QAEXXZ 100045c0 f i NetHandlers.obj
 0001:00003670       ??1PrayManager@@QAE@XZ     10004670 f i NetHandlers.obj
 0001:00003830       ??_G?$basic_string@DU?$char_traits@D@std@@V?$allocator@D@2@@std@@QAEPAXI@Z 10004830 f i NetHandlers.obj
 0001:00003890       ??0PrayManager@@QAE@XZ     10004890 f i NetHandlers.obj
 0001:000039d0       ??0PrayManager@@QAE@ABV0@@Z 100049d0 f i NetHandlers.obj
 0001:00003b90       ??4PrayManager@@QAEAAV0@ABV0@@Z 10004b90 f i NetHandlers.obj
 0001:00003e10       ??1?$map@V?$basic_string@DU?$char_traits@D@std@@V?$allocator@D@2@@std@@VPrayChunkPtr@@U?$less@V?$basic_string@DU?$char_traits@D@std@@V?$allocator@D@2@@std@@@2@V?$allocator@VPrayChunkPtr@@@2@@std@@QAE@XZ 10004e10 f i NetHandlers.obj
 0001:00003ee0       ??1?$map@V?$basic_string@DU?$char_traits@D@std@@V?$allocator@D@2@@std@@U?$pair@V?$basic_string@DU?$char_traits@D@std@@V?$allocator@D@2@@std@@H@2@U?$less@V?$basic_string@DU?$char_traits@D@std@@V?$allocator@D@2@@std@@@2@V?$allocator@U?$pair@V?$basic_string@DU?$char_traits@D@std@@V?$allocator@D@2@@std@@H@std@@@2@@std@@QAE@XZ 10004ee0 f i NetHandlers.obj
 0001:00003fb0       ??1?$map@V?$basic_string@DU?$char_traits@D@std@@V?$allocator@D@2@@std@@U?$pair@HV?$basic_string@DU?$char_traits@D@std@@V?$allocator@D@2@@std@@@2@U?$less@V?$basic_string@DU?$char_traits@D@std@@V?$allocator@D@2@@std@@@2@V?$allocator@U?$pair@HV?$basic_string@DU?$char_traits@D@std@@V?$allocator@D@2@@std@@@std@@@2@@std@@QAE@XZ 10004fb0 f i NetHandlers.obj
 0001:00004080       ??0AgentManager@@QAE@HH@Z  10005080 f i NetHandlers.obj
 0001:000040b0       ?DisplaySettingsErrorNextTick@App@@QAEXXZ 100050b0 f i NetHandlers.obj
 0001:000040c0       ?GetLinePlane@App@@QAEHXZ  100050c0 f i NetHandlers.obj
 0001:000040d0       ?GetCreaturePickupStatus@App@@QAEHXZ 100050d0 f i NetHandlers.obj
 0001:000040e0       ?ShouldSkeletonsAnimateDoubleSpeed@App@@QAE_NXZ 100050e0 f i NetHandlers.obj
 0001:000040f0       ?ShouldSkeletonsAnimateDoubleSpeed@App@@QAEX_N@Z 100050f0 f i NetHandlers.obj
 0001:00004100       ?ShouldHighlightAgentsKnownToCreature@App@@QAE_NXZ 10005100 f i NetHandlers.obj
 0001:00004110       ?SetWhetherWeShouldHighlightAgentsKnownToCreature@App@@QAEX_N@Z 10005110 f i NetHandlers.obj
 0001:00004120       ?SetWhichCreaturePermissionToHighlight@App@@QAEXH@Z 10005120 f i NetHandlers.obj
 0001:00004130       ?GetWhichCreaturePermissionToHighlight@App@@QAEHXZ 10005130 f i NetHandlers.obj
 0001:00004140       ?GetMaximumDistanceBeforePortLineWarns@App@@QAEMXZ 10005140 f i NetHandlers.obj
 0001:00004150       ?GetMaximumDistanceBeforePortLineSnaps@App@@QAEMXZ 10005150 f i NetHandlers.obj
 0001:00004160       ?GetWorld@App@@QAEAAVWorld@@XZ 10005160 f i NetHandlers.obj
 0001:00004170       ?GetInputManager@App@@QAEAAVInputManager@@XZ 10005170 f i NetHandlers.obj
 0001:00004180       ?GetGameName@App@@QAE?AV?$basic_string@DU?$char_traits@D@std@@V?$allocator@D@2@@std@@XZ 10005180 f i NetHandlers.obj
 0001:000042d0       ?SetGameName@App@@QAEXABV?$basic_string@DU?$char_traits@D@std@@V?$allocator@D@2@@std@@@Z 100052d0 f i NetHandlers.obj
 0001:00004430       ?DoYouOnlyPlayMidiMusic@App@@QAE_NXZ 10005430 f i NetHandlers.obj
 0001:00004440       ?PlayAllSoundsAtMaximumLevel@App@@QAE_NXZ 10005440 f i NetHandlers.obj
 0001:00004450       ?ToggleMidi@App@@QAEXXZ    10005450 f i NetHandlers.obj
 0001:00004470       ?GetSystemTick@App@@QBEKXZ 10005470 f i NetHandlers.obj
 0001:00004480       ?GetFastestTicks@App@@QBE_NXZ 10005480 f i NetHandlers.obj
 0001:00004490       ?GetLastTickGap@App@@QBEHXZ 10005490 f i NetHandlers.obj
 0001:000044a0       ?AutoKillAgentsOnError@App@@QBE_NXZ 100054a0 f i NetHandlers.obj
 0001:000044b0       ?UserSettings@App@@QAEAAVConfigurator@@XZ 100054b0 f i NetHandlers.obj
 0001:000044c0       ?MachineSettings@App@@QAEAAVConfigurator@@XZ 100054c0 f i NetHandlers.obj
 0001:000044d0       ??0App@@QAE@ABV0@@Z        100054d0 f i NetHandlers.obj
 0001:00004900       ??4App@@QAEAAV0@ABV0@@Z    10005900 f i NetHandlers.obj
 0001:00004e60       ??1InputManager@@QAE@XZ    10005e60 f i NetHandlers.obj
 0001:00004ec0       ?SetNetManager@NetHandlers@@SAXPAVDSNetManager@@@Z 10005ec0 f   NetHandlers.obj
 0001:00004ed0       ?GetNetManager@NetHandlers@@CAAAVDSNetManager@@XZ 10005ed0 f   NetHandlers.obj
 0001:00004f40       ??1?$map@V?$basic_string@DU?$char_traits@D@std@@V?$allocator@D@2@@std@@V?$set@VAgentHandle@@U?$less@VAgentHandle@@@std@@V?$allocator@VAgentHandle@@@3@@2@U?$less@V?$basic_string@DU?$char_traits@D@std@@V?$allocator@D@2@@std@@@2@V?$allocator@V?$set@VAgentHandle@@U?$less@VAgentHandle@@@std@@V?$allocator@VAgentHandle@@@3@@std@@@2@@std@@QAE@XZ 10005f40 f i NetHandlers.obj
 0001:00005320       ?Command_NET@NetHandlers@@SAXAAVCAOSMachine@@@Z 10006320 f   NetHandlers.obj
 0001:00005500       ?IntegerRV_NET@NetHandlers@@SAHAAVCAOSMachine@@@Z 10006500 f   NetHandlers.obj
 0001:00005530       ?StringRV_NET@NetHandlers@@SAXAAVCAOSMachine@@AAV?$basic_string@DU?$char_traits@D@std@@V?$allocator@D@2@@std@@@Z 10006530 f   NetHandlers.obj
 0001:000067f0       ??0OpSpec@@QAE@V?$basic_string@DU?$char_traits@D@std@@V?$allocator@D@2@@std@@00H0@Z 100077f0 f i NetHandlers.obj
 0001:00006a00       ??1OpSpec@@QAE@XZ          10007a00 f i NetHandlers.obj
 0001:00006b00       ??0OpSpec@@QAE@ABV0@@Z     10007b00 f i NetHandlers.obj
 0001:00007d10       ?PushTables@NetHandlers@@SAXAAVCAOSDescription@@@Z 10008d10 f   NetHandlers.obj
 0001:00007f20       ??0HandlerFunction@@QAE@P6AXAAVCAOSMachine@@@Z@Z 10008f20 f i NetHandlers.obj
 0001:00007f40       ??0HandlerFunction@@QAE@P6AHAAVCAOSMachine@@@Z@Z 10008f40 f i NetHandlers.obj
 0001:00007f60       ??0HandlerFunction@@QAE@P6AXAAVCAOSMachine@@AAV?$basic_string@DU?$char_traits@D@std@@V?$allocator@D@2@@std@@@Z@Z 10008f60 f i NetHandlers.obj
 0001:00007f80       ?SubCommand_NET_LINE@NetHandlers@@CAXAAVCAOSMachine@@@Z 10008f80 f   NetHandlers.obj
 0001:00008290       ?IntegerRV_NET_LINE@NetHandlers@@CAHAAVCAOSMachine@@@Z 10009290 f   NetHandlers.obj
 0001:000082b0       ?GetCachedUserID@NetHandlers@@SA?AV?$basic_string@DU?$char_traits@D@std@@V?$allocator@D@2@@std@@XZ 100092b0 f   NetHandlers.obj
 0001:00008400       ?StringRV_NET_USER@NetHandlers@@CAXAAVCAOSMachine@@AAV?$basic_string@DU?$char_traits@D@std@@V?$allocator@D@2@@std@@@Z 10009400 f   NetHandlers.obj
 0001:00008560       ?SubCommand_NET_PASS@NetHandlers@@CAXAAVCAOSMachine@@@Z 10009560 f   NetHandlers.obj
 0001:000086a0       ?SetNickname@NetHandlers@@SAXV?$basic_string@DU?$char_traits@D@std@@V?$allocator@D@2@@std@@0@Z 100096a0 f   NetHandlers.obj
 0001:000089a0       ?GetNickname@NetHandlers@@SA?AV?$basic_string@DU?$char_traits@D@std@@V?$allocator@D@2@@std@@XZ 100099a0 f   NetHandlers.obj
 0001:00008af0       ?StringRV_NET_PASS@NetHandlers@@CAXAAVCAOSMachine@@AAV?$basic_string@DU?$char_traits@D@std@@V?$allocator@D@2@@std@@@Z 10009af0 f   NetHandlers.obj
 0001:00008c80       ?IntegerRV_NET_ULIN@NetHandlers@@CAHAAVCAOSMachine@@@Z 10009c80 f   NetHandlers.obj
 0001:00008d20       ?SubCommand_NET_UNIK@NetHandlers@@CAXAAVCAOSMachine@@@Z 10009d20 f   NetHandlers.obj
 0001:00008ec0       ?SubCommand_NET_STAT@NetHandlers@@CAXAAVCAOSMachine@@@Z 10009ec0 f   NetHandlers.obj
 0001:00008fa0       ?StringRV_NET_HOST@NetHandlers@@CAXAAVCAOSMachine@@AAV?$basic_string@DU?$char_traits@D@std@@V?$allocator@D@2@@std@@@Z 10009fa0 f   NetHandlers.obj
 0001:00009250       ?IntegerRV_NET_ERRA@NetHandlers@@CAHAAVCAOSMachine@@@Z 1000a250 f   NetHandlers.obj
 0001:00009260       ?IntegerRV_NET_RAWE@NetHandlers@@CAHAAVCAOSMachine@@@Z 1000a260 f   NetHandlers.obj
 0001:00009270       ?StringRV_NET_WHAT@NetHandlers@@CAXAAVCAOSMachine@@AAV?$basic_string@DU?$char_traits@D@std@@V?$allocator@D@2@@std@@@Z 1000a270 f   NetHandlers.obj
 0001:00009400       ?IntegerRV_NET_EXPO@NetHandlers@@CAHAAVCAOSMachine@@@Z 1000a400 f   NetHandlers.obj
 0001:00009720       ??1BasicException@@UAE@XZ  1000a720 f i NetHandlers.obj
 0001:00009770       ??_GBasicException@@UAEPAXI@Z 1000a770 f i NetHandlers.obj
 0001:00009770       ??_EBasicException@@UAEPAXI@Z 1000a770 f i NetHandlers.obj
 0001:000097a0       ?GetMessageA@PrayException@@QAE?AV?$basic_string@DU?$char_traits@D@std@@V?$allocator@D@2@@std@@XZ 1000a7a0 f i NetHandlers.obj
 0001:000098f0       ?IntegerRV_NET_MAKE@NetHandlers@@CAHAAVCAOSMachine@@@Z 1000a8f0 f   NetHandlers.obj
 0001:00009c60       ?StringRV_NET_FROM@NetHandlers@@CAXAAVCAOSMachine@@AAV?$basic_string@DU?$char_traits@D@std@@V?$allocator@D@2@@std@@@Z 1000ac60 f   NetHandlers.obj
 0001:00009ed0       ?SubCommand_NET_WHON@NetHandlers@@CAXAAVCAOSMachine@@@Z 1000aed0 f   NetHandlers.obj
 0001:0000a190       ?SubCommand_NET_WHOF@NetHandlers@@CAXAAVCAOSMachine@@@Z 1000b190 f   NetHandlers.obj
 0001:0000a2b0       ?SubCommand_NET_WHOD@NetHandlers@@CAXAAVCAOSMachine@@@Z 1000b2b0 f   NetHandlers.obj
 0001:0000a400       ?SubCommand_NET_WHOZ@NetHandlers@@CAXAAVCAOSMachine@@@Z 1000b400 f   NetHandlers.obj
 0001:0000a530       ?NotifyUsersOnline@NetHandlers@@SAXH@Z 1000b530 f   NetHandlers.obj
 0001:0000a7d0       ?NotifyAgentsWWR@NetHandlers@@CAXAAV?$set@VAgentHandle@@U?$less@VAgentHandle@@@std@@V?$allocator@VAgentHandle@@@3@@std@@_NAAVCAOSVar@@2@Z 1000b7d0 f   NetHandlers.obj
 0001:0000a980       ??1?$set@VAgentHandle@@U?$less@VAgentHandle@@@std@@V?$allocator@VAgentHandle@@@3@@std@@QAE@XZ 1000b980 f i NetHandlers.obj
 0001:0000aa50       ?NotifyAllWWRState@NetHandlers@@SAXXZ 1000ba50 f   NetHandlers.obj
 0001:0000ac30       ?ClearWWR@NetHandlers@@SAXXZ 1000bc30 f   NetHandlers.obj
 0001:0000ad50       ?Write@NetHandlers@@SA_NAAVCreaturesArchive@@@Z 1000bd50 f   NetHandlers.obj
 0001:0000af10       ?Read@NetHandlers@@SA_NAAVCreaturesArchive@@@Z 1000bf10 f   NetHandlers.obj
 0001:0000b1a0       ?PackCaosVarSize@NetHandlers@@CAHAAVCAOSVar@@@Z 1000c1a0 f   NetHandlers.obj
 0001:0000b2a0       ?PackCaosVar@NetHandlers@@CAXAAVNetMemoryPack@@AAVCAOSVar@@@Z 1000c2a0 f   NetHandlers.obj
 0001:0000b420       ?UnpackCaosVar@NetHandlers@@CA?AVCAOSVar@@AAVNetMemoryUnpack@@@Z 1000c420 f   NetHandlers.obj
 0001:0000b680       ?SubCommand_NET_WRIT@NetHandlers@@CAXAAVCAOSMachine@@@Z 1000c680 f   NetHandlers.obj
 0001:0000b990       ??1NetMemoryPack@@QAE@XZ   1000c990 f i NetHandlers.obj
 0001:0000b9c0       ?SubCommand_NET_HEAR@NetHandlers@@CAXAAVCAOSMachine@@@Z 1000c9c0 f   NetHandlers.obj
 0001:0000bb10       ??0?$set@VAgentHandle@@U?$less@VAgentHandle@@@std@@V?$allocator@VAgentHandle@@@3@@std@@QAE@ABV01@@Z 1000cb10 f i NetHandlers.obj
 0001:0000bc60       ?SubCommand_NET_HEAD@NetHandlers@@CAXAAVCAOSMachine@@@Z 1000cc60 f   NetHandlers.obj
 0001:0000bdb0       ?ReceiveDirectMessages@NetHandlers@@SAXH@Z 1000cdb0 f   NetHandlers.obj
 0001:0000c310       ?Twinned@NetHandlers@@SAXVAgentHandle@@0@Z 1000d310 f   NetHandlers.obj
 0001:0000c510       ?SubCommand_NET_RUSO@NetHandlers@@CAXAAVCAOSMachine@@@Z 1000d510 f   NetHandlers.obj
 0001:0000c610       ?Init@NetHandlers@@SAXXZ   1000d610 f   NetHandlers.obj
 0001:0000cc80       ??1?$pair@$$CBV?$basic_string@DU?$char_traits@D@std@@V?$allocator@D@2@@std@@V12@@std@@QAE@XZ 1000dc80 f i NetHandlers.obj
 0001:0000cc80       ??1?$pair@$$CBV?$basic_string@DU?$char_traits@D@std@@V?$allocator@D@2@@std@@U?$pair@V?$basic_string@DU?$char_traits@D@std@@V?$allocator@D@2@@std@@H@2@@std@@QAE@XZ 1000dc80 f i NetHandlers.obj
 0001:0000cc80       ??1CBabelServerInfo@@QAE@XZ 1000dc80 f i NetHandlers.obj
 0001:0000ccf0       ?SetServer@CBabelServerInfo@@QAEXV?$basic_string@DU?$char_traits@D@std@@V?$allocator@D@2@@std@@0HH@Z 1000dcf0 f i NetHandlers.obj
 0001:0000cdd0       ?SetServer@CBabelServerInfo@@QAEXV?$basic_string@DU?$char_traits@D@std@@V?$allocator@D@2@@std@@0H@Z 1000ddd0 f i NetHandlers.obj
 0001:0000cf50       ?SetServer@CBabelServerInfo@@QAEXV?$basic_string@DU?$char_traits@D@std@@V?$allocator@D@2@@std@@H@Z 1000df50 f i NetHandlers.obj
 0001:0000d0e0       ?WriteServerList@NetHandlers@@CAXXZ 1000e0e0 f   NetHandlers.obj
 0001:0000d5a0       ??0?$_Tree@V?$basic_string@DU?$char_traits@D@std@@V?$allocator@D@2@@std@@U?$pair@$$CBV?$basic_string@DU?$char_traits@D@std@@V?$allocator@D@2@@std@@V12@@2@U_Kfn@?$map@V?$basic_string@DU?$char_traits@D@std@@V?$allocator@D@2@@std@@V12@U?$less@V?$basic_string@DU?$char_traits@D@std@@V?$allocator@D@2@@std@@@2@V?$allocator@V?$basic_string@DU?$char_traits@D@std@@V?$allocator@D@2@@std@@@2@@2@U?$less@V?$basic_string@DU?$char_traits@D@std@@V?$allocator@D@2@@std@@@2@V?$allocator@V?$basic_string@DU?$char_traits@D@std@@V?$allocator@D@2@@std@@@2@@std@@QAE@ABV01@@Z 1000e5a0 f i NetHandlers.obj
 0001:0000d6f0       ??0?$map@V?$basic_string@DU?$char_traits@D@std@@V?$allocator@D@2@@std@@V?$set@VAgentHandle@@U?$less@VAgentHandle@@@std@@V?$allocator@VAgentHandle@@@3@@2@U?$less@V?$basic_string@DU?$char_traits@D@std@@V?$allocator@D@2@@std@@@2@V?$allocator@V?$set@VAgentHandle@@U?$less@VAgentHandle@@@std@@V?$allocator@VAgentHandle@@@3@@std@@@2@@std@@QAE@ABU?$less@V?$basic_string@DU?$char_traits@D@std@@V?$allocator@D@2@@std@@@1@ABV?$allocator@V?$set@VAgentHandle@@U?$less@VAgentHandle@@@std@@V?$allocator@VAgentHandle@@@3@@std@@@1@@Z 1000e6f0 f i NetHandlers.obj
 0001:0000d760       ??A?$map@V?$basic_string@DU?$char_traits@D@std@@V?$allocator@D@2@@std@@V?$set@VAgentHandle@@U?$less@VAgentHandle@@@std@@V?$allocator@VAgentHandle@@@3@@2@U?$less@V?$basic_string@DU?$char_traits@D@std@@V?$allocator@D@2@@std@@@2@V?$allocator@V?$set@VAgentHandle@@U?$less@VAgentHandle@@@std@@V?$allocator@VAgentHandle@@@3@@std@@@2@@std@@QAEAAV?$set@VAgentHandle@@U?$less@VAgentHandle@@@std@@V?$allocator@VAgentHandle@@@3@@1@ABV?$basic_string@DU?$char_traits@D@std@@V?$allocator@D@2@@1@@Z 1000e760 f i NetHandlers.obj
 0001:0000d870       ??0?$_Tree@VAgentHandle@@V1@U_Kfn@?$set@VAgentHandle@@U?$less@VAgentHandle@@@std@@V?$allocator@VAgentHandle@@@3@@std@@U?$less@VAgentHandle@@@4@V?$allocator@VAgentHandle@@@4@@std@@QAE@ABV01@@Z 1000e870 f i NetHandlers.obj
 0001:0000d9c0       ??1?$_Tree@VAgentHandle@@V1@U_Kfn@?$set@VAgentHandle@@U?$less@VAgentHandle@@@std@@V?$allocator@VAgentHandle@@@3@@std@@U?$less@VAgentHandle@@@4@V?$allocator@VAgentHandle@@@4@@std@@QAE@XZ 1000e9c0 f i NetHandlers.obj
 0001:0000da80       ??Diterator@?$_Tree@VAgentHandle@@V1@U_Kfn@?$set@VAgentHandle@@U?$less@VAgentHandle@@@std@@V?$allocator@VAgentHandle@@@3@@std@@U?$less@VAgentHandle@@@4@V?$allocator@VAgentHandle@@@4@@std@@QBEAAVAgentHandle@@XZ 1000ea80 f i NetHandlers.obj
 0001:0000da90       ??1?$vector@V?$basic_string@DU?$char_traits@D@std@@V?$allocator@D@2@@std@@V?$allocator@V?$basic_string@DU?$char_traits@D@std@@V?$allocator@D@2@@std@@@2@@std@@QAE@XZ 1000ea90 f i NetHandlers.obj
 0001:0000db00       ??4?$vector@V?$basic_string@DU?$char_traits@D@std@@V?$allocator@D@2@@std@@V?$allocator@V?$basic_string@DU?$char_traits@D@std@@V?$allocator@D@2@@std@@@2@@std@@QAEAAV01@ABV01@@Z 1000eb00 f i NetHandlers.obj
 0001:0000dcf0       ?size@?$vector@V?$basic_string@DU?$char_traits@D@std@@V?$allocator@D@2@@std@@V?$allocator@V?$basic_string@DU?$char_traits@D@std@@V?$allocator@D@2@@std@@@2@@std@@QBEIXZ 1000ecf0 f i NetHandlers.obj
 0001:0000dcf0       ?size@?$vector@V?$vector@VOpSpec@@V?$allocator@VOpSpec@@@std@@@std@@V?$allocator@V?$vector@VOpSpec@@V?$allocator@VOpSpec@@@std@@@std@@@2@@std@@QBEIXZ 1000ecf0 f i NetHandlers.obj
 0001:0000dd10       ??0?$_Tree@V?$basic_string@DU?$char_traits@D@std@@V?$allocator@D@2@@std@@U?$pair@$$CBV?$basic_string@DU?$char_traits@D@std@@V?$allocator@D@2@@std@@J@2@U_Kfn@?$map@V?$basic_string@DU?$char_traits@D@std@@V?$allocator@D@2@@std@@JU?$less@V?$basic_string@DU?$char_traits@D@std@@V?$allocator@D@2@@std@@@2@V?$allocator@J@2@@2@U?$less@V?$basic_string@DU?$char_traits@D@std@@V?$allocator@D@2@@std@@@2@V?$allocator@J@2@@std@@QAE@ABV01@@Z 1000ed10 f i NetHandlers.obj
 0001:0000de60       ??1?$vector@V?$vector@VOpSpec@@V?$allocator@VOpSpec@@@std@@@std@@V?$allocator@V?$vector@VOpSpec@@V?$allocator@VOpSpec@@@std@@@std@@@2@@std@@QAE@XZ 1000ee60 f i NetHandlers.obj
 0001:0000dee0       ??0?$vector@HV?$allocator@H@std@@@std@@QAE@ABV01@@Z 1000eee0 f i NetHandlers.obj
 0001:0000df50       ??1?$vector@VAgentHandle@@V?$allocator@VAgentHandle@@@std@@@std@@QAE@XZ 1000ef50 f i NetHandlers.obj
 0001:0000df90       ??1?$vector@VCBabelServerInfo@@V?$allocator@VCBabelServerInfo@@@std@@@std@@QAE@XZ 1000ef90 f i NetHandlers.obj
 0001:0000dfd0       ?size@?$vector@VCBabelServerInfo@@V?$allocator@VCBabelServerInfo@@@std@@@std@@QBEIXZ 1000efd0 f i NetHandlers.obj
 0001:0000e000       ??A?$vector@VCBabelServerInfo@@V?$allocator@VCBabelServerInfo@@@std@@@std@@QAEAAVCBabelServerInfo@@I@Z 1000f000 f i NetHandlers.obj
 0001:0000e020       ??1?$_Tree@V?$basic_string@DU?$char_traits@D@std@@V?$allocator@D@2@@std@@U?$pair@$$CBV?$basic_string@DU?$char_traits@D@std@@V?$allocator@D@2@@std@@U?$pair@V?$basic_string@DU?$char_traits@D@std@@V?$allocator@D@2@@std@@H@2@@2@U_Kfn@?$map@V?$basic_string@DU?$char_traits@D@std@@V?$allocator@D@2@@std@@U?$pair@V?$basic_string@DU?$char_traits@D@std@@V?$allocator@D@2@@std@@H@2@U?$less@V?$basic_string@DU?$char_traits@D@std@@V?$allocator@D@2@@std@@@2@V?$allocator@U?$pair@V?$basic_string@DU?$char_traits@D@std@@V?$allocator@D@2@@std@@H@std@@@2@@2@U?$less@V?$basic_string@DU?$char_traits@D@std@@V?$allocator@D@2@@std@@@2@V?$allocator@U?$pair@V?$basic_string@DU?$char_traits@D@std@@V?$allocator@D@2@@std@@H@std@@@2@@std@@QAE@XZ 1000f020 f i NetHandlers.obj
 0001:0000e0e0       ??1?$_Tree@V?$basic_string@DU?$char_traits@D@std@@V?$allocator@D@2@@std@@U?$pair@$$CBV?$basic_string@DU?$char_traits@D@std@@V?$allocator@D@2@@std@@U?$pair@HV?$basic_string@DU?$char_traits@D@std@@V?$allocator@D@2@@std@@@2@@2@U_Kfn@?$map@V?$basic_string@DU?$char_traits@D@std@@V?$allocator@D@2@@std@@U?$pair@HV?$basic_string@DU?$char_traits@D@std@@V?$allocator@D@2@@std@@@2@U?$less@V?$basic_string@DU?$char_traits@D@std@@V?$allocator@D@2@@std@@@2@V?$allocator@U?$pair@HV?$basic_string@DU?$char_traits@D@std@@V?$allocator@D@2@@std@@@std@@@2@@2@U?$less@V?$basic_string@DU?$char_traits@D@std@@V?$allocator@D@2@@std@@@2@V?$allocator@U?$pair@HV?$basic_string@DU?$char_traits@D@std@@V?$allocator@D@2@@std@@@std@@@2@@std@@QAE@XZ 1000f0e0 f i NetHandlers.obj
 0001:0000e1a0       ??0?$list@V?$basic_string@DU?$char_traits@D@std@@V?$allocator@D@2@@std@@V?$allocator@V?$basic_string@DU?$char_traits@D@std@@V?$allocator@D@2@@std@@@2@@std@@QAE@ABV01@@Z 1000f1a0 f i NetHandlers.obj
 0001:0000e230       ??1?$list@V?$basic_string@DU?$char_traits@D@std@@V?$allocator@D@2@@std@@V?$allocator@V?$basic_string@DU?$char_traits@D@std@@V?$allocator@D@2@@std@@@2@@std@@QAE@XZ 1000f230 f i NetHandlers.obj
 0001:0000e2a0       ??4?$list@V?$basic_string@DU?$char_traits@D@std@@V?$allocator@D@2@@std@@V?$allocator@V?$basic_string@DU?$char_traits@D@std@@V?$allocator@D@2@@std@@@2@@std@@QAEAAV01@ABV01@@Z 1000f2a0 f i NetHandlers.obj
 0001:0000e3b0       ??0?$vector@UInputEvent@@V?$allocator@UInputEvent@@@std@@@std@@QAE@ABV01@@Z 1000f3b0 f i NetHandlers.obj
 0001:0000e440       ??4?$vector@UInputEvent@@V?$allocator@UInputEvent@@@std@@@std@@QAEAAV01@ABV01@@Z 1000f440 f i NetHandlers.obj
 0001:0000e640       ??4?$vector@KV?$allocator@K@std@@@std@@QAEAAV01@ABV01@@Z 1000f640 f i NetHandlers.obj
 0001:0000e640       ??4?$vector@HV?$allocator@H@std@@@std@@QAEAAV01@ABV01@@Z 1000f640 f i NetHandlers.obj
 0001:0000e7d0       ??1?$pair@$$CBV?$basic_string@DU?$char_traits@D@std@@V?$allocator@D@2@@std@@V?$set@VAgentHandle@@U?$less@VAgentHandle@@@std@@V?$allocator@VAgentHandle@@@3@@2@@std@@QAE@XZ 1000f7d0 f i NetHandlers.obj
 0001:0000e8e0       ?deallocate@?$allocator@D@std@@QAEXPAXI@Z 1000f8e0 f i NetHandlers.obj
 0001:0000e900       ??4?$_Tree@V?$basic_string@DU?$char_traits@D@std@@V?$allocator@D@2@@std@@U?$pair@$$CBV?$basic_string@DU?$char_traits@D@std@@V?$allocator@D@2@@std@@V12@@2@U_Kfn@?$map@V?$basic_string@DU?$char_traits@D@std@@V?$allocator@D@2@@std@@V12@U?$less@V?$basic_string@DU?$char_traits@D@std@@V?$allocator@D@2@@std@@@2@V?$allocator@V?$basic_string@DU?$char_traits@D@std@@V?$allocator@D@2@@std@@@2@@2@U?$less@V?$basic_string@DU?$char_traits@D@std@@V?$allocator@D@2@@std@@@2@V?$allocator@V?$basic_string@DU?$char_traits@D@std@@V?$allocator@D@2@@std@@@2@@std@@QAEAAV01@ABV01@@Z 1000f900 f i NetHandlers.obj
 0001:0000ea90       ?_Copy@?$_Tree@V?$basic_string@DU?$char_traits@D@std@@V?$allocator@D@2@@std@@U?$pair@$$CBV?$basic_string@DU?$char_traits@D@std@@V?$allocator@D@2@@std@@V12@@2@U_Kfn@?$map@V?$basic_string@DU?$char_traits@D@std@@V?$allocator@D@2@@std@@V12@U?$less@V?$basic_string@DU?$char_traits@D@std@@V?$allocator@D@2@@std@@@2@V?$allocator@V?$basic_string@DU?$char_traits@D@std@@V?$allocator@D@2@@std@@@2@@2@U?$less@V?$basic_string@DU?$char_traits@D@std@@V?$allocator@D@2@@std@@@2@V?$allocator@V?$basic_string@DU?$char_traits@D@std@@V?$allocator@D@2@@std@@@2@@std@@IAEXABV12@@Z 1000fa90 f i NetHandlers.obj
 0001:0000eb90       ?insert@?$map@V?$basic_string@DU?$char_traits@D@std@@V?$allocator@D@2@@std@@V?$set@VAgentHandle@@U?$less@VAgentHandle@@@std@@V?$allocator@VAgentHandle@@@3@@2@U?$less@V?$basic_string@DU?$char_traits@D@std@@V?$allocator@D@2@@std@@@2@V?$allocator@V?$set@VAgentHandle@@U?$less@VAgentHandle@@@std@@V?$allocator@VAgentHandle@@@3@@std@@@2@@std@@QAE?AU?$pair@Viterator@?$_Tree@V?$basic_string@DU?$char_traits@D@std@@V?$allocator@D@2@@std@@U?$pair@$$CBV?$basic_string@DU?$char_traits@D@std@@V?$allocator@D@2@@std@@V?$set@VAgentHandle@@U?$less@VAgentHandle@@@std@@V?$allocator@VAgentHandle@@@3@@2@@2@U_Kfn@?$map@V?$basic_string@DU?$char_traits@D@std@@V?$allocator@D@2@@std@@V?$set@VAgentHandle@@U?$less@VAgentHandle@@@std@@V?$allocator@VAgentHandle@@@3@@2@U?$less@V?$basic_string@DU?$char_traits@D@std@@V?$allocator@D@2@@std@@@2@V?$allocator@V?$set@VAgentHandle@@U?$less@VAgentHandle@@@std@@V?$allocator@VAgentHandle@@@3@@std@@@2@@2@U?$less@V?$basic_string@DU?$char_traits@D@std@@V?$allocator@D@2@@std@@@2@V?$allocator@V?$set@VAgentHandle@@U?$less@VAgentHandle@@@std@@V?$allocator@VAgentHandle@@@3@@std@@@2@@std@@_N@2@ABU?$pair@$$CBV?$basic_string@DU?$char_traits@D@std@@V?$allocator@D@2@@std@@V?$set@VAgentHandle@@U?$less@VAgentHandle@@@std@@V?$allocator@VAgentHandle@@@3@@2@@2@@Z 1000fb90 f i NetHandlers.obj
 0001:0000ec80       ?begin@?$_Tree@V?$basic_string@DU?$char_traits@D@std@@V?$allocator@D@2@@std@@U?$pair@$$CBV?$basic_string@DU?$char_traits@D@std@@V?$allocator@D@2@@std@@V12@@2@U_Kfn@?$map@V?$basic_string@DU?$char_traits@D@std@@V?$allocator@D@2@@std@@V12@U?$less@V?$basic_string@DU?$char_traits@D@std@@V?$allocator@D@2@@std@@@2@V?$allocator@V?$basic_string@DU?$char_traits@D@std@@V?$allocator@D@2@@std@@@2@@2@U?$less@V?$basic_string@DU?$char_traits@D@std@@V?$allocator@D@2@@std@@@2@V?$allocator@V?$basic_string@DU?$char_traits@D@std@@V?$allocator@D@2@@std@@@2@@std@@QAE?AViterator@12@XZ 1000fc80 f i NetHandlers.obj
 0001:0000ec80       ?begin@?$_Tree@V?$basic_string@DU?$char_traits@D@std@@V?$allocator@D@2@@std@@U?$pair@$$CBV?$basic_string@DU?$char_traits@D@std@@V?$allocator@D@2@@std@@U?$pair@V?$basic_string@DU?$char_traits@D@std@@V?$allocator@D@2@@std@@H@2@@2@U_Kfn@?$map@V?$basic_string@DU?$char_traits@D@std@@V?$allocator@D@2@@std@@U?$pair@V?$basic_string@DU?$char_traits@D@std@@V?$allocator@D@2@@std@@H@2@U?$less@V?$basic_string@DU?$char_traits@D@std@@V?$allocator@D@2@@std@@@2@V?$allocator@U?$pair@V?$basic_string@DU?$char_traits@D@std@@V?$allocator@D@2@@std@@H@std@@@2@@2@U?$less@V?$basic_string@DU?$char_traits@D@std@@V?$allocator@D@2@@std@@@2@V?$allocator@U?$pair@V?$basic_string@DU?$char_traits@D@std@@V?$allocator@D@2@@std@@H@std@@@2@@std@@QAE?AViterator@12@XZ 1000fc80 f i NetHandlers.obj
 0001:0000ec80       ?begin@?$_Tree@V?$basic_string@DU?$char_traits@D@std@@V?$allocator@D@2@@std@@U?$pair@$$CBV?$basic_string@DU?$char_traits@D@std@@V?$allocator@D@2@@std@@V?$set@VAgentHandle@@U?$less@VAgentHandle@@@std@@V?$allocator@VAgentHandle@@@3@@2@@2@U_Kfn@?$map@V?$basic_string@DU?$char_traits@D@std@@V?$allocator@D@2@@std@@V?$set@VAgentHandle@@U?$less@VAgentHandle@@@std@@V?$allocator@VAgentHandle@@@3@@2@U?$less@V?$basic_string@DU?$char_traits@D@std@@V?$allocator@D@2@@std@@@2@V?$allocator@V?$set@VAgentHandle@@U?$less@VAgentHandle@@@std@@V?$allocator@VAgentHandle@@@3@@std@@@2@@2@U?$less@V?$basic_string@DU?$char_traits@D@std@@V?$allocator@D@2@@std@@@2@V?$allocator@V?$set@VAgentHandle@@U?$less@VAgentHandle@@@std@@V?$allocator@VAgentHandle@@@3@@std@@@2@@std@@QBE?AVconst_iterator@12@XZ 1000fc80 f i NetHandlers.obj
 0001:0000ec80       ?begin@?$_Tree@V?$basic_string@DU?$char_traits@D@std@@V?$allocator@D@2@@std@@U?$pair@$$CBV?$basic_string@DU?$char_traits@D@std@@V?$allocator@D@2@@std@@VPrayChunkPtr@@@2@U_Kfn@?$map@V?$basic_string@DU?$char_traits@D@std@@V?$allocator@D@2@@std@@VPrayChunkPtr@@U?$less@V?$basic_string@DU?$char_traits@D@std@@V?$allocator@D@2@@std@@@2@V?$allocator@VPrayChunkPtr@@@2@@2@U?$less@V?$basic_string@DU?$char_traits@D@std@@V?$allocator@D@2@@std@@@2@V?$allocator@VPrayChunkPtr@@@2@@std@@QAE?AViterator@12@XZ 1000fc80 f i NetHandlers.obj
 0001:0000ec80       ?begin@?$_Tree@PBVPersistentObject@@U?$pair@QBVPersistentObject@@J@std@@U_Kfn@?$map@PBVPersistentObject@@JU?$less@PBVPersistentObject@@@std@@V?$allocator@J@3@@3@U?$less@PBVPersistentObject@@@3@V?$allocator@J@3@@std@@QAE?AViterator@12@XZ 1000fc80 f i NetHandlers.obj
 0001:0000ec80       ?begin@?$_Tree@V?$basic_string@DU?$char_traits@D@std@@V?$allocator@D@2@@std@@U?$pair@$$CBV?$basic_string@DU?$char_traits@D@std@@V?$allocator@D@2@@std@@PAVNetDirectLink@@@2@U_Kfn@?$multimap@V?$basic_string@DU?$char_traits@D@std@@V?$allocator@D@2@@std@@PAVNetDirectLink@@U?$less@V?$basic_string@DU?$char_traits@D@std@@V?$allocator@D@2@@std@@@2@V?$allocator@PAVNetDirectLink@@@2@@2@U?$less@V?$basic_string@DU?$char_traits@D@std@@V?$allocator@D@2@@std@@@2@V?$allocator@PAVNetDirectLink@@@2@@std@@QAE?AViterator@12@XZ 1000fc80 f i NetHandlers.obj
 0001:0000ec80       ?begin@?$list@PBVQueuedMessage@@V?$allocator@PBVQueuedMessage@@@std@@@std@@QAE?AViterator@12@XZ 1000fc80 f i NetHandlers.obj
 0001:0000ec80       ?begin@?$_Tree@V?$basic_string@DU?$char_traits@D@std@@V?$allocator@D@2@@std@@U?$pair@$$CBV?$basic_string@DU?$char_traits@D@std@@V?$allocator@D@2@@std@@_N@2@U_Kfn@?$map@V?$basic_string@DU?$char_traits@D@std@@V?$allocator@D@2@@std@@_NU?$less@V?$basic_string@DU?$char_traits@D@std@@V?$allocator@D@2@@std@@@2@V?$allocator@_N@2@@2@U?$less@V?$basic_string@DU?$char_traits@D@std@@V?$allocator@D@2@@std@@@2@V?$allocator@_N@2@@std@@QAE?AViterator@12@XZ 1000fc80 f i NetHandlers.obj
 0001:0000ec80       ?begin@?$_Tree@V?$basic_string@DU?$char_traits@D@std@@V?$allocator@D@2@@std@@U?$pair@$$CBV?$basic_string@DU?$char_traits@D@std@@V?$allocator@D@2@@std@@VCAOSVar@@@2@U_Kfn@?$map@V?$basic_string@DU?$char_traits@D@std@@V?$allocator@D@2@@std@@VCAOSVar@@U?$less@V?$basic_string@DU?$char_traits@D@std@@V?$allocator@D@2@@std@@@2@V?$allocator@VCAOSVar@@@2@@2@U?$less@V?$basic_string@DU?$char_traits@D@std@@V?$allocator@D@2@@std@@@2@V?$allocator@VCAOSVar@@@2@@std@@QAE?AViterator@12@XZ 1000fc80 f i NetHandlers.obj
 0001:0000ec80       ?begin@?$_Tree@V?$basic_string@DU?$char_traits@D@std@@V?$allocator@D@2@@std@@U?$pair@$$CBV?$basic_string@DU?$char_traits@D@std@@V?$allocator@D@2@@std@@U?$pair@HV?$basic_string@DU?$char_traits@D@std@@V?$allocator@D@2@@std@@@2@@2@U_Kfn@?$map@V?$basic_string@DU?$char_traits@D@std@@V?$allocator@D@2@@std@@U?$pair@HV?$basic_string@DU?$char_traits@D@std@@V?$allocator@D@2@@std@@@2@U?$less@V?$basic_string@DU?$char_traits@D@std@@V?$allocator@D@2@@std@@@2@V?$allocator@U?$pair@HV?$basic_string@DU?$char_traits@D@std@@V?$allocator@D@2@@std@@@std@@@2@@2@U?$less@V?$basic_string@DU?$char_traits@D@std@@V?$allocator@D@2@@std@@@2@V?$allocator@U?$pair@HV?$basic_string@DU?$char_traits@D@std@@V?$allocator@D@2@@std@@@std@@@2@@std@@QAE?AViterator@12@XZ 1000fc80 f i NetHandlers.obj
 0001:0000ec80       ?begin@?$_Tree@PAVCBabelClient@@U?$pair@QAVCBabelClient@@PAVNetManager@@@std@@U_Kfn@?$map@PAVCBabelClient@@PAVNetManager@@U?$less@PAVCBabelClient@@@std@@V?$allocator@PAVNetManager@@@4@@3@U?$less@PAVCBabelClient@@@3@V?$allocator@PAVNetManager@@@3@@std@@QAE?AViterator@12@XZ 1000fc80 f i NetHandlers.obj
 0001:0000ec80       ?begin@?$_Tree@V?$basic_string@DU?$char_traits@D@std@@V?$allocator@D@2@@std@@U?$pair@$$CBV?$basic_string@DU?$char_traits@D@std@@V?$allocator@D@2@@std@@VCreatureHistory@@@2@U_Kfn@?$map@V?$basic_string@DU?$char_traits@D@std@@V?$allocator@D@2@@std@@VCreatureHistory@@U?$less@V?$basic_string@DU?$char_traits@D@std@@V?$allocator@D@2@@std@@@2@V?$allocator@VCreatureHistory@@@2@@2@U?$less@V?$basic_string@DU?$char_traits@D@std@@V?$allocator@D@2@@std@@@2@V?$allocator@VCreatureHistory@@@2@@std@@QAE?AViterator@12@XZ 1000fc80 f i NetHandlers.obj
 0001:0000ec80       ?begin@?$_Tree@V?$basic_string@DU?$char_traits@D@std@@V?$allocator@D@2@@std@@U?$pair@$$CBV?$basic_string@DU?$char_traits@D@std@@V?$allocator@D@2@@std@@V?$set@VAgentHandle@@U?$less@VAgentHandle@@@std@@V?$allocator@VAgentHandle@@@3@@2@@2@U_Kfn@?$map@V?$basic_string@DU?$char_traits@D@std@@V?$allocator@D@2@@std@@V?$set@VAgentHandle@@U?$less@VAgentHandle@@@std@@V?$allocator@VAgentHandle@@@3@@2@U?$less@V?$basic_string@DU?$char_traits@D@std@@V?$allocator@D@2@@std@@@2@V?$allocator@V?$set@VAgentHandle@@U?$less@VAgentHandle@@@std@@V?$allocator@VAgentHandle@@@3@@std@@@2@@2@U?$less@V?$basic_string@DU?$char_traits@D@std@@V?$allocator@D@2@@std@@@2@V?$allocator@V?$set@VAgentHandle@@U?$less@VAgentHandle@@@std@@V?$allocator@VAgentHandle@@@3@@std@@@2@@std@@QAE?AViterator@12@XZ 1000fc80 f i NetHandlers.obj
 0001:0000ec80       ?begin@?$_Tree@V?$basic_string@DU?$char_traits@D@std@@V?$allocator@D@2@@std@@V12@U_Kfn@?$set@V?$basic_string@DU?$char_traits@D@std@@V?$allocator@D@2@@std@@U?$less@V?$basic_string@DU?$char_traits@D@std@@V?$allocator@D@2@@std@@@2@V?$allocator@V?$basic_string@DU?$char_traits@D@std@@V?$allocator@D@2@@std@@@2@@2@U?$less@V?$basic_string@DU?$char_traits@D@std@@V?$allocator@D@2@@std@@@2@V?$allocator@V?$basic_string@DU?$char_traits@D@std@@V?$allocator@D@2@@std@@@2@@std@@QAE?AViterator@12@XZ 1000fc80 f i NetHandlers.obj
 0001:0000ec80       ?begin@?$_Tree@VAgentHandle@@V1@U_Kfn@?$set@VAgentHandle@@U?$less@VAgentHandle@@@std@@V?$allocator@VAgentHandle@@@3@@std@@U?$less@VAgentHandle@@@4@V?$allocator@VAgentHandle@@@4@@std@@QAE?AViterator@12@XZ 1000fc80 f i NetHandlers.obj
 0001:0000ec80       ?begin@?$_Tree@PBMU?$pair@QBMJ@std@@U_Kfn@?$map@PBMJU?$less@PBM@std@@V?$allocator@J@2@@2@U?$less@PBM@2@V?$allocator@J@2@@std@@QAE?AViterator@12@XZ 1000fc80 f i NetHandlers.obj
 0001:0000ec80       ?begin@?$_Tree@VAgentHandle@@V1@U_Kfn@?$set@VAgentHandle@@U?$less@VAgentHandle@@@std@@V?$allocator@VAgentHandle@@@3@@std@@U?$less@VAgentHandle@@@4@V?$allocator@VAgentHandle@@@4@@std@@QBE?AVconst_iterator@12@XZ 1000fc80 f i NetHandlers.obj
 0001:0000ec80       ?begin@?$_Tree@HU?$pair@$$CBHPAVCBabelAsyncCore@@@std@@U_Kfn@?$map@HPAVCBabelAsyncCore@@U?$less@H@std@@V?$allocator@PAVCBabelAsyncCore@@@3@@2@U?$less@H@2@V?$allocator@PAVCBabelAsyncCore@@@2@@std@@QAE?AViterator@12@XZ 1000fc80 f i NetHandlers.obj
 0001:0000eca0       ?erase@?$_Tree@V?$basic_string@DU?$char_traits@D@std@@V?$allocator@D@2@@std@@U?$pair@$$CBV?$basic_string@DU?$char_traits@D@std@@V?$allocator@D@2@@std@@V?$set@VAgentHandle@@U?$less@VAgentHandle@@@std@@V?$allocator@VAgentHandle@@@3@@2@@2@U_Kfn@?$map@V?$basic_string@DU?$char_traits@D@std@@V?$allocator@D@2@@std@@V?$set@VAgentHandle@@U?$less@VAgentHandle@@@std@@V?$allocator@VAgentHandle@@@3@@2@U?$less@V?$basic_string@DU?$char_traits@D@std@@V?$allocator@D@2@@std@@@2@V?$allocator@V?$set@VAgentHandle@@U?$less@VAgentHandle@@@std@@V?$allocator@VAgentHandle@@@3@@std@@@2@@2@U?$less@V?$basic_string@DU?$char_traits@D@std@@V?$allocator@D@2@@std@@@2@V?$allocator@V?$set@VAgentHandle@@U?$less@VAgentHandle@@@std@@V?$allocator@VAgentHandle@@@3@@std@@@2@@std@@QAE?AViterator@12@V312@@Z 1000fca0 f i NetHandlers.obj
 0001:0000f070       ?find@?$_Tree@V?$basic_string@DU?$char_traits@D@std@@V?$allocator@D@2@@std@@U?$pair@$$CBV?$basic_string@DU?$char_traits@D@std@@V?$allocator@D@2@@std@@V?$set@VAgentHandle@@U?$less@VAgentHandle@@@std@@V?$allocator@VAgentHandle@@@3@@2@@2@U_Kfn@?$map@V?$basic_string@DU?$char_traits@D@std@@V?$allocator@D@2@@std@@V?$set@VAgentHandle@@U?$less@VAgentHandle@@@std@@V?$allocator@VAgentHandle@@@3@@2@U?$less@V?$basic_string@DU?$char_traits@D@std@@V?$allocator@D@2@@std@@@2@V?$allocator@V?$set@VAgentHandle@@U?$less@VAgentHandle@@@std@@V?$allocator@VAgentHandle@@@3@@std@@@2@@2@U?$less@V?$basic_string@DU?$char_traits@D@std@@V?$allocator@D@2@@std@@@2@V?$allocator@V?$set@VAgentHandle@@U?$less@VAgentHandle@@@std@@V?$allocator@VAgentHandle@@@3@@std@@@2@@std@@QAE?AViterator@12@ABV?$basic_string@DU?$char_traits@D@std@@V?$allocator@D@2@@2@@Z 10010070 f i NetHandlers.obj
 0001:0000f070       ?find@?$_Tree@V?$basic_string@DU?$char_traits@D@std@@V?$allocator@D@2@@std@@U?$pair@$$CBV?$basic_string@DU?$char_traits@D@std@@V?$allocator@D@2@@std@@PAVNetDirectLink@@@2@U_Kfn@?$multimap@V?$basic_string@DU?$char_traits@D@std@@V?$allocator@D@2@@std@@PAVNetDirectLink@@U?$less@V?$basic_string@DU?$char_traits@D@std@@V?$allocator@D@2@@std@@@2@V?$allocator@PAVNetDirectLink@@@2@@2@U?$less@V?$basic_string@DU?$char_traits@D@std@@V?$allocator@D@2@@std@@@2@V?$allocator@PAVNetDirectLink@@@2@@std@@QAE?AViterator@12@ABV?$basic_string@DU?$char_traits@D@std@@V?$allocator@D@2@@2@@Z 10010070 f i NetHandlers.obj
 0001:0000f070       ?find@?$_Tree@V?$basic_string@DU?$char_traits@D@std@@V?$allocator@D@2@@std@@V12@U_Kfn@?$set@V?$basic_string@DU?$char_traits@D@std@@V?$allocator@D@2@@std@@U?$less@V?$basic_string@DU?$char_traits@D@std@@V?$allocator@D@2@@std@@@2@V?$allocator@V?$basic_string@DU?$char_traits@D@std@@V?$allocator@D@2@@std@@@2@@2@U?$less@V?$basic_string@DU?$char_traits@D@std@@V?$allocator@D@2@@std@@@2@V?$allocator@V?$basic_string@DU?$char_traits@D@std@@V?$allocator@D@2@@std@@@2@@std@@QAE?AViterator@12@ABV?$basic_string@DU?$char_traits@D@std@@V?$allocator@D@2@@2@@Z 10010070 f i NetHandlers.obj
 0001:0000f070       ?find@?$_Tree@V?$basic_string@DU?$char_traits@D@std@@V?$allocator@D@2@@std@@U?$pair@$$CBV?$basic_string@DU?$char_traits@D@std@@V?$allocator@D@2@@std@@_N@2@U_Kfn@?$map@V?$basic_string@DU?$char_traits@D@std@@V?$allocator@D@2@@std@@_NU?$less@V?$basic_string@DU?$char_traits@D@std@@V?$allocator@D@2@@std@@@2@V?$allocator@_N@2@@2@U?$less@V?$basic_string@DU?$char_traits@D@std@@V?$allocator@D@2@@std@@@2@V?$allocator@_N@2@@std@@QAE?AViterator@12@ABV?$basic_string@DU?$char_traits@D@std@@V?$allocator@D@2@@2@@Z 10010070 f i NetHandlers.obj
 0001:0000f100       ??0?$pair@$$CBV?$basic_string@DU?$char_traits@D@std@@V?$allocator@D@2@@std@@V?$set@VAgentHandle@@U?$less@VAgentHandle@@@std@@V?$allocator@VAgentHandle@@@3@@2@@std@@QAE@ABV?$basic_string@DU?$char_traits@D@std@@V?$allocator@D@2@@1@ABV?$set@VAgentHandle@@U?$less@VAgentHandle@@@std@@V?$allocator@VAgentHandle@@@3@@1@@Z 10010100 f i NetHandlers.obj
 0001:0000f280       ??0?$set@VAgentHandle@@U?$less@VAgentHandle@@@std@@V?$allocator@VAgentHandle@@@3@@std@@QAE@ABU?$less@VAgentHandle@@@1@ABV?$allocator@VAgentHandle@@@1@@Z 10010280 f i NetHandlers.obj
 0001:0000f2f0       ?insert@?$_Tree@VAgentHandle@@V1@U_Kfn@?$set@VAgentHandle@@U?$less@VAgentHandle@@@std@@V?$allocator@VAgentHandle@@@3@@std@@U?$less@VAgentHandle@@@4@V?$allocator@VAgentHandle@@@4@@std@@QAE?AU?$pair@Viterator@?$_Tree@VAgentHandle@@V1@U_Kfn@?$set@VAgentHandle@@U?$less@VAgentHandle@@@std@@V?$allocator@VAgentHandle@@@3@@std@@U?$less@VAgentHandle@@@4@V?$allocator@VAgentHandle@@@4@@std@@_N@2@ABVAgentHandle@@@Z 100102f0 f i NetHandlers.obj
 0001:0000f550       ?erase@?$_Tree@VAgentHandle@@V1@U_Kfn@?$set@VAgentHandle@@U?$less@VAgentHandle@@@std@@V?$allocator@VAgentHandle@@@3@@std@@U?$less@VAgentHandle@@@4@V?$allocator@VAgentHandle@@@4@@std@@QAE?AViterator@12@V312@@Z 10010550 f i NetHandlers.obj
 0001:0000f920       ?erase@?$_Tree@VAgentHandle@@V1@U_Kfn@?$set@VAgentHandle@@U?$less@VAgentHandle@@@std@@V?$allocator@VAgentHandle@@@3@@std@@U?$less@VAgentHandle@@@4@V?$allocator@VAgentHandle@@@4@@std@@QAE?AViterator@12@V312@0@Z 10010920 f i NetHandlers.obj
 0001:0000f9d0       ?find@?$_Tree@VAgentHandle@@V1@U_Kfn@?$set@VAgentHandle@@U?$less@VAgentHandle@@@std@@V?$allocator@VAgentHandle@@@3@@std@@U?$less@VAgentHandle@@@4@V?$allocator@VAgentHandle@@@4@@std@@QAE?AViterator@12@ABVAgentHandle@@@Z 100109d0 f i NetHandlers.obj
 0001:0000fa50       ?_Copy@?$_Tree@VAgentHandle@@V1@U_Kfn@?$set@VAgentHandle@@U?$less@VAgentHandle@@@std@@V?$allocator@VAgentHandle@@@3@@std@@U?$less@VAgentHandle@@@4@V?$allocator@VAgentHandle@@@4@@std@@IAEXABV12@@Z 10010a50 f i NetHandlers.obj
 0001:0000fb50       ?_Init@?$_Tree@VAgentHandle@@V1@U_Kfn@?$set@VAgentHandle@@U?$less@VAgentHandle@@@std@@V?$allocator@VAgentHandle@@@3@@std@@U?$less@VAgentHandle@@@4@V?$allocator@VAgentHandle@@@4@@std@@IAEXXZ 10010b50 f i NetHandlers.obj
 0001:0000fbb0       ?_Inc@iterator@?$_Tree@VAgentHandle@@V1@U_Kfn@?$set@VAgentHandle@@U?$less@VAgentHandle@@@std@@V?$allocator@VAgentHandle@@@3@@std@@U?$less@VAgentHandle@@@4@V?$allocator@VAgentHandle@@@4@@std@@QAEXXZ 10010bb0 f i NetHandlers.obj
 0001:0000fc00       ?_Ucopy@?$vector@V?$vector@V?$basic_string@DU?$char_traits@D@std@@V?$allocator@D@2@@std@@V?$allocator@V?$basic_string@DU?$char_traits@D@std@@V?$allocator@D@2@@std@@@2@@std@@V?$allocator@V?$vector@V?$basic_string@DU?$char_traits@D@std@@V?$allocator@D@2@@std@@V?$allocator@V?$basic_string@DU?$char_traits@D@std@@V?$allocator@D@2@@std@@@2@@std@@@2@@std@@IAEPAV?$vector@V?$basic_string@DU?$char_traits@D@std@@V?$allocator@D@2@@std@@V?$allocator@V?$basic_string@DU?$char_traits@D@std@@V?$allocator@D@2@@std@@@2@@2@PBV32@0PAV32@@Z 10010c00 f i NetHandlers.obj
 0001:0000fc40       ?capacity@?$vector@HV?$allocator@H@std@@@std@@QBEIXZ 10010c40 f i NetHandlers.obj
 0001:0000fc40       ?capacity@?$vector@PAMV?$allocator@PAM@std@@@std@@QBEIXZ 10010c40 f i NetHandlers.obj
 0001:0000fc40       ?capacity@?$vector@VAgentHandle@@V?$allocator@VAgentHandle@@@std@@@std@@QBEIXZ 10010c40 f i NetHandlers.obj
 0001:0000fc40       ?capacity@?$vector@W4MessageType@NetMessages@@V?$allocator@W4MessageType@NetMessages@@@std@@@std@@QBEIXZ 10010c40 f i NetHandlers.obj
 0001:0000fc40       ?capacity@?$vector@PAVPersistentObject@@V?$allocator@PAVPersistentObject@@@std@@@std@@QBEIXZ 10010c40 f i NetHandlers.obj
 0001:0000fc60       ?size@?$vector@VAgentHandle@@V?$allocator@VAgentHandle@@@std@@@std@@QBEIXZ 10010c60 f i NetHandlers.obj
 0001:0000fc60       ?size@?$vector@PAMV?$allocator@PAM@std@@@std@@QBEIXZ 10010c60 f i NetHandlers.obj
 0001:0000fc60       ?size@?$vector@W4MessageType@NetMessages@@V?$allocator@W4MessageType@NetMessages@@@std@@@std@@QBEIXZ 10010c60 f i NetHandlers.obj
 0001:0000fc60       ?size@?$vector@HV?$allocator@H@std@@@std@@QBEIXZ 10010c60 f i NetHandlers.obj
 0001:0000fc60       ?size@?$vector@PAVPersistentObject@@V?$allocator@PAVPersistentObject@@@std@@@std@@QBEIXZ 10010c60 f i NetHandlers.obj
 0001:0000fc60       ?size@?$vector@PAVCBabelVirtualSocket@@V?$allocator@PAVCBabelVirtualSocket@@@std@@@std@@QBEIXZ 10010c60 f i NetHandlers.obj
 0001:0000fc80       ?erase@?$_Tree@PBVPersistentObject@@U?$pair@QBVPersistentObject@@J@std@@U_Kfn@?$map@PBVPersistentObject@@JU?$less@PBVPersistentObject@@@std@@V?$allocator@J@3@@3@U?$less@PBVPersistentObject@@@3@V?$allocator@J@3@@std@@QAE?AViterator@12@V312@0@Z 10010c80 f i NetHandlers.obj
 0001:0000fd30       ?_Copy@?$_Tree@PBVPersistentObject@@U?$pair@QBVPersistentObject@@J@std@@U_Kfn@?$map@PBVPersistentObject@@JU?$less@PBVPersistentObject@@@std@@V?$allocator@J@3@@3@U?$less@PBVPersistentObject@@@3@V?$allocator@J@3@@std@@IAEXABV12@@Z 10010d30 f i NetHandlers.obj
 0001:0000fe30       ?_Init@?$_Tree@PBVPersistentObject@@U?$pair@QBVPersistentObject@@J@std@@U_Kfn@?$map@PBVPersistentObject@@JU?$less@PBVPersistentObject@@@std@@V?$allocator@J@3@@3@U?$less@PBVPersistentObject@@@3@V?$allocator@J@3@@std@@IAEXXZ 10010e30 f i NetHandlers.obj
 0001:0000fe30       ?_Init@?$_Tree@PBMU?$pair@QBMJ@std@@U_Kfn@?$map@PBMJU?$less@PBM@std@@V?$allocator@J@2@@2@U?$less@PBM@2@V?$allocator@J@2@@std@@IAEXXZ 10010e30 f i NetHandlers.obj
 0001:0000fe90       ?_Ucopy@?$vector@PAMV?$allocator@PAM@std@@@std@@IAEPAPAMPBQAM0PAPAM@Z 10010e90 f i NetHandlers.obj
 0001:0000fe90       ?_Ucopy@?$vector@PAVCBabelAsyncCoreChild@@V?$allocator@PAVCBabelAsyncCoreChild@@@std@@@std@@IAEPAPAVCBabelAsyncCoreChild@@PBQAV3@0PAPAV3@@Z 10010e90 f i NetHandlers.obj
 0001:0000fe90       ?_Ucopy@?$vector@PAVPersistentObject@@V?$allocator@PAVPersistentObject@@@std@@@std@@IAEPAPAVPersistentObject@@PBQAV3@0PAPAV3@@Z 10010e90 f i NetHandlers.obj
 0001:0000fe90       ?_Ucopy@?$vector@HV?$allocator@H@std@@@std@@IAEPAHPBH0PAH@Z 10010e90 f i NetHandlers.obj
 0001:0000fe90       ?_Ucopy@?$vector@KV?$allocator@K@std@@@std@@IAEPAKPBK0PAK@Z 10010e90 f i NetHandlers.obj
 0001:0000fe90       ?_Ucopy@?$vector@PAVCBabelRemoteSwitch@@V?$allocator@PAVCBabelRemoteSwitch@@@std@@@std@@IAEPAPAVCBabelRemoteSwitch@@PBQAV3@0PAPAV3@@Z 10010e90 f i NetHandlers.obj
 0001:0000fe90       ?_Ucopy@?$vector@W4MessageType@NetMessages@@V?$allocator@W4MessageType@NetMessages@@@std@@@std@@IAEPAW4MessageType@NetMessages@@PBW434@0PAW434@@Z 10010e90 f i NetHandlers.obj
 0001:0000fe90       ?_Ucopy@?$vector@PAVCBabelVirtualSocket@@V?$allocator@PAVCBabelVirtualSocket@@@std@@@std@@IAEPAPAVCBabelVirtualSocket@@PBQAV3@0PAPAV3@@Z 10010e90 f i NetHandlers.obj
 0001:0000fec0       ??4?$_Tree@PBMU?$pair@QBMJ@std@@U_Kfn@?$map@PBMJU?$less@PBM@std@@V?$allocator@J@2@@2@U?$less@PBM@2@V?$allocator@J@2@@std@@QAEAAV01@ABV01@@Z 10010ec0 f i NetHandlers.obj
 0001:00010040       ?_Copy@?$_Tree@PBMU?$pair@QBMJ@std@@U_Kfn@?$map@PBMJU?$less@PBM@std@@V?$allocator@J@2@@2@U?$less@PBM@2@V?$allocator@J@2@@std@@IAEXABV12@@Z 10011040 f i NetHandlers.obj
 0001:00010140       ?capacity@?$vector@V?$vector@VOpSpec@@V?$allocator@VOpSpec@@@std@@@std@@V?$allocator@V?$vector@VOpSpec@@V?$allocator@VOpSpec@@@std@@@std@@@2@@std@@QBEIXZ 10011140 f i NetHandlers.obj
 0001:00010140       ?capacity@?$vector@V?$basic_string@DU?$char_traits@D@std@@V?$allocator@D@2@@std@@V?$allocator@V?$basic_string@DU?$char_traits@D@std@@V?$allocator@D@2@@std@@@2@@std@@QBEIXZ 10011140 f i NetHandlers.obj
 0001:00010160       ?_Destroy@?$vector@V?$basic_string@DU?$char_traits@D@std@@V?$allocator@D@2@@std@@V?$allocator@V?$basic_string@DU?$char_traits@D@std@@V?$allocator@D@2@@std@@@2@@std@@IAEXPAV?$basic_string@DU?$char_traits@D@std@@V?$allocator@D@2@@2@0@Z 10011160 f i NetHandlers.obj
 0001:000101b0       ?_Ucopy@?$vector@V?$basic_string@DU?$char_traits@D@std@@V?$allocator@D@2@@std@@V?$allocator@V?$basic_string@DU?$char_traits@D@std@@V?$allocator@D@2@@std@@@2@@std@@IAEPAV?$basic_string@DU?$char_traits@D@std@@V?$allocator@D@2@@2@PBV32@0PAV32@@Z 100111b0 f i NetHandlers.obj
 0001:000101f0       ??4?$_Tree@V?$basic_string@DU?$char_traits@D@std@@V?$allocator@D@2@@std@@U?$pair@$$CBV?$basic_string@DU?$char_traits@D@std@@V?$allocator@D@2@@std@@J@2@U_Kfn@?$map@V?$basic_string@DU?$char_traits@D@std@@V?$allocator@D@2@@std@@JU?$less@V?$basic_string@DU?$char_traits@D@std@@V?$allocator@D@2@@std@@@2@V?$allocator@J@2@@2@U?$less@V?$basic_string@DU?$char_traits@D@std@@V?$allocator@D@2@@std@@@2@V?$allocator@J@2@@std@@QAEAAV01@ABV01@@Z 100111f0 f i NetHandlers.obj
 0001:00010380       ?_Destroy@?$vector@V?$vector@VOpSpec@@V?$allocator@VOpSpec@@@std@@@std@@V?$allocator@V?$vector@VOpSpec@@V?$allocator@VOpSpec@@@std@@@std@@@2@@std@@IAEXPAV?$vector@VOpSpec@@V?$allocator@VOpSpec@@@std@@@2@0@Z 10011380 f i NetHandlers.obj
 0001:000103e0       ?_Ucopy@?$vector@V?$vector@VOpSpec@@V?$allocator@VOpSpec@@@std@@@std@@V?$allocator@V?$vector@VOpSpec@@V?$allocator@VOpSpec@@@std@@@std@@@2@@std@@IAEPAV?$vector@VOpSpec@@V?$allocator@VOpSpec@@@std@@@2@PBV32@0PAV32@@Z 100113e0 f i NetHandlers.obj
 0001:00010420       ?erase@?$vector@HV?$allocator@H@std@@@std@@QAEPAHPAH@Z 10011420 f i NetHandlers.obj
 0001:00010460       ?_Destroy@?$vector@VAgentHandle@@V?$allocator@VAgentHandle@@@std@@@std@@IAEXPAVAgentHandle@@0@Z 10011460 f i NetHandlers.obj
 0001:00010490       ?_Ucopy@?$vector@VAgentHandle@@V?$allocator@VAgentHandle@@@std@@@std@@IAEPAVAgentHandle@@PBV3@0PAV3@@Z 10011490 f i NetHandlers.obj
 0001:000104d0       ?insert@?$vector@VCBabelServerInfo@@V?$allocator@VCBabelServerInfo@@@std@@@std@@QAEXPAVCBabelServerInfo@@IABV3@@Z 100114d0 f i NetHandlers.obj
 0001:00010870       ?erase@?$vector@VCBabelServerInfo@@V?$allocator@VCBabelServerInfo@@@std@@@std@@QAEPAVCBabelServerInfo@@PAV3@0@Z 10011870 f i NetHandlers.obj
 0001:00010920       ??4?$_Tree@V?$basic_string@DU?$char_traits@D@std@@V?$allocator@D@2@@std@@U?$pair@$$CBV?$basic_string@DU?$char_traits@D@std@@V?$allocator@D@2@@std@@VPrayChunkPtr@@@2@U_Kfn@?$map@V?$basic_string@DU?$char_traits@D@std@@V?$allocator@D@2@@std@@VPrayChunkPtr@@U?$less@V?$basic_string@DU?$char_traits@D@std@@V?$allocator@D@2@@std@@@2@V?$allocator@VPrayChunkPtr@@@2@@2@U?$less@V?$basic_string@DU?$char_traits@D@std@@V?$allocator@D@2@@std@@@2@V?$allocator@VPrayChunkPtr@@@2@@std@@QAEAAV01@ABV01@@Z 10011920 f i NetHandlers.obj
 0001:00010ab0       ?erase@?$_Tree@V?$basic_string@DU?$char_traits@D@std@@V?$allocator@D@2@@std@@U?$pair@$$CBV?$basic_string@DU?$char_traits@D@std@@V?$allocator@D@2@@std@@VPrayChunkPtr@@@2@U_Kfn@?$map@V?$basic_string@DU?$char_traits@D@std@@V?$allocator@D@2@@std@@VPrayChunkPtr@@U?$less@V?$basic_string@DU?$char_traits@D@std@@V?$allocator@D@2@@std@@@2@V?$allocator@VPrayChunkPtr@@@2@@2@U?$less@V?$basic_string@DU?$char_traits@D@std@@V?$allocator@D@2@@std@@@2@V?$allocator@VPrayChunkPtr@@@2@@std@@QAE?AViterator@12@V312@0@Z 10011ab0 f i NetHandlers.obj
 0001:00010b60       ?_Copy@?$_Tree@V?$basic_string@DU?$char_traits@D@std@@V?$allocator@D@2@@std@@U?$pair@$$CBV?$basic_string@DU?$char_traits@D@std@@V?$allocator@D@2@@std@@VPrayChunkPtr@@@2@U_Kfn@?$map@V?$basic_string@DU?$char_traits@D@std@@V?$allocator@D@2@@std@@VPrayChunkPtr@@U?$less@V?$basic_string@DU?$char_traits@D@std@@V?$allocator@D@2@@std@@@2@V?$allocator@VPrayChunkPtr@@@2@@2@U?$less@V?$basic_string@DU?$char_traits@D@std@@V?$allocator@D@2@@std@@@2@V?$allocator@VPrayChunkPtr@@@2@@std@@IAEXABV12@@Z 10011b60 f i NetHandlers.obj
 0001:00010c60       ?_Init@?$_Tree@V?$basic_string@DU?$char_traits@D@std@@V?$allocator@D@2@@std@@U?$pair@$$CBV?$basic_string@DU?$char_traits@D@std@@V?$allocator@D@2@@std@@_N@2@U_Kfn@?$map@V?$basic_string@DU?$char_traits@D@std@@V?$allocator@D@2@@std@@_NU?$less@V?$basic_string@DU?$char_traits@D@std@@V?$allocator@D@2@@std@@@2@V?$allocator@_N@2@@2@U?$less@V?$basic_string@DU?$char_traits@D@std@@V?$allocator@D@2@@std@@@2@V?$allocator@_N@2@@std@@IAEXXZ 10011c60 f i NetHandlers.obj
 0001:00010c60       ?_Init@?$_Tree@V?$basic_string@DU?$char_traits@D@std@@V?$allocator@D@2@@std@@U?$pair@$$CBV?$basic_string@DU?$char_traits@D@std@@V?$allocator@D@2@@std@@VPrayChunkPtr@@@2@U_Kfn@?$map@V?$basic_string@DU?$char_traits@D@std@@V?$allocator@D@2@@std@@VPrayChunkPtr@@U?$less@V?$basic_string@DU?$char_traits@D@std@@V?$allocator@D@2@@std@@@2@V?$allocator@VPrayChunkPtr@@@2@@2@U?$less@V?$basic_string@DU?$char_traits@D@std@@V?$allocator@D@2@@std@@@2@V?$allocator@VPrayChunkPtr@@@2@@std@@IAEXXZ 10011c60 f i NetHandlers.obj
 0001:00010c60       ?_Init@?$_Tree@V?$basic_string@DU?$char_traits@D@std@@V?$allocator@D@2@@std@@U?$pair@$$CBV?$basic_string@DU?$char_traits@D@std@@V?$allocator@D@2@@std@@PAVNetDirectLink@@@2@U_Kfn@?$multimap@V?$basic_string@DU?$char_traits@D@std@@V?$allocator@D@2@@std@@PAVNetDirectLink@@U?$less@V?$basic_string@DU?$char_traits@D@std@@V?$allocator@D@2@@std@@@2@V?$allocator@PAVNetDirectLink@@@2@@2@U?$less@V?$basic_string@DU?$char_traits@D@std@@V?$allocator@D@2@@std@@@2@V?$allocator@PAVNetDirectLink@@@2@@std@@IAEXXZ 10011c60 f i NetHandlers.obj
 0001:00010cc0       ??4?$_Tree@V?$basic_string@DU?$char_traits@D@std@@V?$allocator@D@2@@std@@U?$pair@$$CBV?$basic_string@DU?$char_traits@D@std@@V?$allocator@D@2@@std@@U?$pair@V?$basic_string@DU?$char_traits@D@std@@V?$allocator@D@2@@std@@H@2@@2@U_Kfn@?$map@V?$basic_string@DU?$char_traits@D@std@@V?$allocator@D@2@@std@@U?$pair@V?$basic_string@DU?$char_traits@D@std@@V?$allocator@D@2@@std@@H@2@U?$less@V?$basic_string@DU?$char_traits@D@std@@V?$allocator@D@2@@std@@@2@V?$allocator@U?$pair@V?$basic_string@DU?$char_traits@D@std@@V?$allocator@D@2@@std@@H@std@@@2@@2@U?$less@V?$basic_string@DU?$char_traits@D@std@@V?$allocator@D@2@@std@@@2@V?$allocator@U?$pair@V?$basic_string@DU?$char_traits@D@std@@V?$allocator@D@2@@std@@H@std@@@2@@std@@QAEAAV01@ABV01@@Z 10011cc0 f i NetHandlers.obj
 0001:00010e50       ?erase@?$_Tree@V?$basic_string@DU?$char_traits@D@std@@V?$allocator@D@2@@std@@U?$pair@$$CBV?$basic_string@DU?$char_traits@D@std@@V?$allocator@D@2@@std@@U?$pair@V?$basic_string@DU?$char_traits@D@std@@V?$allocator@D@2@@std@@H@2@@2@U_Kfn@?$map@V?$basic_string@DU?$char_traits@D@std@@V?$allocator@D@2@@std@@U?$pair@V?$basic_string@DU?$char_traits@D@std@@V?$allocator@D@2@@std@@H@2@U?$less@V?$basic_string@DU?$char_traits@D@std@@V?$allocator@D@2@@std@@@2@V?$allocator@U?$pair@V?$basic_string@DU?$char_traits@D@std@@V?$allocator@D@2@@std@@H@std@@@2@@2@U?$less@V?$basic_string@DU?$char_traits@D@std@@V?$allocator@D@2@@std@@@2@V?$allocator@U?$pair@V?$basic_string@DU?$char_traits@D@std@@V?$allocator@D@2@@std@@H@std@@@2@@std@@QAE?AViterator@12@V312@0@Z 10011e50 f i NetHandlers.obj
 0001:00010f00       ?_Copy@?$_Tree@V?$basic_string@DU?$char_traits@D@std@@V?$allocator@D@2@@std@@U?$pair@$$CBV?$basic_string@DU?$char_traits@D@std@@V?$allocator@D@2@@std@@U?$pair@V?$basic_string@DU?$char_traits@D@std@@V?$allocator@D@2@@std@@H@2@@2@U_Kfn@?$map@V?$basic_string@DU?$char_traits@D@std@@V?$allocator@D@2@@std@@U?$pair@V?$basic_string@DU?$char_traits@D@std@@V?$allocator@D@2@@std@@H@2@U?$less@V?$basic_string@DU?$char_traits@D@std@@V?$allocator@D@2@@std@@@2@V?$allocator@U?$pair@V?$basic_string@DU?$char_traits@D@std@@V?$allocator@D@2@@std@@H@std@@@2@@2@U?$less@V?$basic_string@DU?$char_traits@D@std@@V?$allocator@D@2@@std@@@2@V?$allocator@U?$pair@V?$basic_string@DU?$char_traits@D@std@@V?$allocator@D@2@@std@@H@std@@@2@@std@@IAEXABV12@@Z 10011f00 f i NetHandlers.obj
 0001:00011000       ??4?$_Tree@V?$basic_string@DU?$char_traits@D@std@@V?$allocator@D@2@@std@@U?$pair@$$CBV?$basic_string@DU?$char_traits@D@std@@V?$allocator@D@2@@std@@U?$pair@HV?$basic_string@DU?$char_traits@D@std@@V?$allocator@D@2@@std@@@2@@2@U_Kfn@?$map@V?$basic_string@DU?$char_traits@D@std@@V?$allocator@D@2@@std@@U?$pair@HV?$basic_string@DU?$char_traits@D@std@@V?$allocator@D@2@@std@@@2@U?$less@V?$basic_string@DU?$char_traits@D@std@@V?$allocator@D@2@@std@@@2@V?$allocator@U?$pair@HV?$basic_string@DU?$char_traits@D@std@@V?$allocator@D@2@@std@@@std@@@2@@2@U?$less@V?$basic_string@DU?$char_traits@D@std@@V?$allocator@D@2@@std@@@2@V?$allocator@U?$pair@HV?$basic_string@DU?$char_traits@D@std@@V?$allocator@D@2@@std@@@std@@@2@@std@@QAEAAV01@ABV01@@Z 10012000 f i NetHandlers.obj
 0001:00011190       ?erase@?$_Tree@V?$basic_string@DU?$char_traits@D@std@@V?$allocator@D@2@@std@@U?$pair@$$CBV?$basic_string@DU?$char_traits@D@std@@V?$allocator@D@2@@std@@U?$pair@HV?$basic_string@DU?$char_traits@D@std@@V?$allocator@D@2@@std@@@2@@2@U_Kfn@?$map@V?$basic_string@DU?$char_traits@D@std@@V?$allocator@D@2@@std@@U?$pair@HV?$basic_string@DU?$char_traits@D@std@@V?$allocator@D@2@@std@@@2@U?$less@V?$basic_string@DU?$char_traits@D@std@@V?$allocator@D@2@@std@@@2@V?$allocator@U?$pair@HV?$basic_string@DU?$char_traits@D@std@@V?$allocator@D@2@@std@@@std@@@2@@2@U?$less@V?$basic_string@DU?$char_traits@D@std@@V?$allocator@D@2@@std@@@2@V?$allocator@U?$pair@HV?$basic_string@DU?$char_traits@D@std@@V?$allocator@D@2@@std@@@std@@@2@@std@@QAE?AViterator@12@V312@0@Z 10012190 f i NetHandlers.obj
 0001:00011240       ?_Copy@?$_Tree@V?$basic_string@DU?$char_traits@D@std@@V?$allocator@D@2@@std@@U?$pair@$$CBV?$basic_string@DU?$char_traits@D@std@@V?$allocator@D@2@@std@@U?$pair@HV?$basic_string@DU?$char_traits@D@std@@V?$allocator@D@2@@std@@@2@@2@U_Kfn@?$map@V?$basic_string@DU?$char_traits@D@std@@V?$allocator@D@2@@std@@U?$pair@HV?$basic_string@DU?$char_traits@D@std@@V?$allocator@D@2@@std@@@2@U?$less@V?$basic_string@DU?$char_traits@D@std@@V?$allocator@D@2@@std@@@2@V?$allocator@U?$pair@HV?$basic_string@DU?$char_traits@D@std@@V?$allocator@D@2@@std@@@std@@@2@@2@U?$less@V?$basic_string@DU?$char_traits@D@std@@V?$allocator@D@2@@std@@@2@V?$allocator@U?$pair@HV?$basic_string@DU?$char_traits@D@std@@V?$allocator@D@2@@std@@@std@@@2@@std@@IAEXABV12@@Z 10012240 f i NetHandlers.obj
 0001:00011340       ?_Init@?$_Tree@V?$basic_string@DU?$char_traits@D@std@@V?$allocator@D@2@@std@@U?$pair@$$CBV?$basic_string@DU?$char_traits@D@std@@V?$allocator@D@2@@std@@VCAOSVar@@@2@U_Kfn@?$map@V?$basic_string@DU?$char_traits@D@std@@V?$allocator@D@2@@std@@VCAOSVar@@U?$less@V?$basic_string@DU?$char_traits@D@std@@V?$allocator@D@2@@std@@@2@V?$allocator@VCAOSVar@@@2@@2@U?$less@V?$basic_string@DU?$char_traits@D@std@@V?$allocator@D@2@@std@@@2@V?$allocator@VCAOSVar@@@2@@std@@IAEXXZ 10012340 f i NetHandlers.obj
 0001:00011340       ?_Init@?$_Tree@V?$basic_string@DU?$char_traits@D@std@@V?$allocator@D@2@@std@@U?$pair@$$CBV?$basic_string@DU?$char_traits@D@std@@V?$allocator@D@2@@std@@U?$pair@HV?$basic_string@DU?$char_traits@D@std@@V?$allocator@D@2@@std@@@2@@2@U_Kfn@?$map@V?$basic_string@DU?$char_traits@D@std@@V?$allocator@D@2@@std@@U?$pair@HV?$basic_string@DU?$char_traits@D@std@@V?$allocator@D@2@@std@@@2@U?$less@V?$basic_string@DU?$char_traits@D@std@@V?$allocator@D@2@@std@@@2@V?$allocator@U?$pair@HV?$basic_string@DU?$char_traits@D@std@@V?$allocator@D@2@@std@@@std@@@2@@2@U?$less@V?$basic_string@DU?$char_traits@D@std@@V?$allocator@D@2@@std@@@2@V?$allocator@U?$pair@HV?$basic_string@DU?$char_traits@D@std@@V?$allocator@D@2@@std@@@std@@@2@@std@@IAEXXZ 10012340 f i NetHandlers.obj
 0001:00011340       ?_Init@?$_Tree@V?$basic_string@DU?$char_traits@D@std@@V?$allocator@D@2@@std@@U?$pair@$$CBV?$basic_string@DU?$char_traits@D@std@@V?$allocator@D@2@@std@@U?$pair@V?$basic_string@DU?$char_traits@D@std@@V?$allocator@D@2@@std@@H@2@@2@U_Kfn@?$map@V?$basic_string@DU?$char_traits@D@std@@V?$allocator@D@2@@std@@U?$pair@V?$basic_string@DU?$char_traits@D@std@@V?$allocator@D@2@@std@@H@2@U?$less@V?$basic_string@DU?$char_traits@D@std@@V?$allocator@D@2@@std@@@2@V?$allocator@U?$pair@V?$basic_string@DU?$char_traits@D@std@@V?$allocator@D@2@@std@@H@std@@@2@@2@U?$less@V?$basic_string@DU?$char_traits@D@std@@V?$allocator@D@2@@std@@@2@V?$allocator@U?$pair@V?$basic_string@DU?$char_traits@D@std@@V?$allocator@D@2@@std@@H@std@@@2@@std@@IAEXXZ 10012340 f i NetHandlers.obj
 0001:000113a0       ?erase@?$list@V?$basic_string@DU?$char_traits@D@std@@V?$allocator@D@2@@std@@V?$allocator@V?$basic_string@DU?$char_traits@D@std@@V?$allocator@D@2@@std@@@2@@std@@QAE?AViterator@12@V312@0@Z 100123a0 f i NetHandlers.obj
 0001:00011430       ?_Ucopy@?$vector@EV?$allocator@E@std@@@std@@IAEPAEPBE0PAE@Z 10012430 f i NetHandlers.obj
 0001:00011430       ?_Ucopy@?$vector@DV?$allocator@D@std@@@std@@IAEPADPBD0PAD@Z 10012430 f i NetHandlers.obj
 0001:00011460       ?erase@?$_Tree@V?$basic_string@DU?$char_traits@D@std@@V?$allocator@D@2@@std@@U?$pair@$$CBV?$basic_string@DU?$char_traits@D@std@@V?$allocator@D@2@@std@@VCAOSVar@@@2@U_Kfn@?$map@V?$basic_string@DU?$char_traits@D@std@@V?$allocator@D@2@@std@@VCAOSVar@@U?$less@V?$basic_string@DU?$char_traits@D@std@@V?$allocator@D@2@@std@@@2@V?$allocator@VCAOSVar@@@2@@2@U?$less@V?$basic_string@DU?$char_traits@D@std@@V?$allocator@D@2@@std@@@2@V?$allocator@VCAOSVar@@@2@@std@@QAE?AViterator@12@V312@0@Z 10012460 f i NetHandlers.obj
 0001:00011510       ?_Copy@?$_Tree@V?$basic_string@DU?$char_traits@D@std@@V?$allocator@D@2@@std@@U?$pair@$$CBV?$basic_string@DU?$char_traits@D@std@@V?$allocator@D@2@@std@@VCAOSVar@@@2@U_Kfn@?$map@V?$basic_string@DU?$char_traits@D@std@@V?$allocator@D@2@@std@@VCAOSVar@@U?$less@V?$basic_string@DU?$char_traits@D@std@@V?$allocator@D@2@@std@@@2@V?$allocator@VCAOSVar@@@2@@2@U?$less@V?$basic_string@DU?$char_traits@D@std@@V?$allocator@D@2@@std@@@2@V?$allocator@VCAOSVar@@@2@@std@@IAEXABV12@@Z 10012510 f i NetHandlers.obj
 0001:00011610       ?erase@?$_Tree@V?$basic_string@DU?$char_traits@D@std@@V?$allocator@D@2@@std@@U?$pair@$$CBV?$basic_string@DU?$char_traits@D@std@@V?$allocator@D@2@@std@@V12@@2@U_Kfn@?$map@V?$basic_string@DU?$char_traits@D@std@@V?$allocator@D@2@@std@@V12@U?$less@V?$basic_string@DU?$char_traits@D@std@@V?$allocator@D@2@@std@@@2@V?$allocator@V?$basic_string@DU?$char_traits@D@std@@V?$allocator@D@2@@std@@@2@@2@U?$less@V?$basic_string@DU?$char_traits@D@std@@V?$allocator@D@2@@std@@@2@V?$allocator@V?$basic_string@DU?$char_traits@D@std@@V?$allocator@D@2@@std@@@2@@std@@QAE?AViterator@12@V312@@Z 10012610 f i NetHandlers.obj
 0001:000119e0       ?_Copy@?$_Tree@V?$basic_string@DU?$char_traits@D@std@@V?$allocator@D@2@@std@@U?$pair@$$CBV?$basic_string@DU?$char_traits@D@std@@V?$allocator@D@2@@std@@V12@@2@U_Kfn@?$map@V?$basic_string@DU?$char_traits@D@std@@V?$allocator@D@2@@std@@V12@U?$less@V?$basic_string@DU?$char_traits@D@std@@V?$allocator@D@2@@std@@@2@V?$allocator@V?$basic_string@DU?$char_traits@D@std@@V?$allocator@D@2@@std@@@2@@2@U?$less@V?$basic_string@DU?$char_traits@D@std@@V?$allocator@D@2@@std@@@2@V?$allocator@V?$basic_string@DU?$char_traits@D@std@@V?$allocator@D@2@@std@@@2@@std@@IAEPAU_Node@12@PAU312@0@Z 100129e0 f i NetHandlers.obj
 0001:00011a70       ?_Erase@?$_Tree@V?$basic_string@DU?$char_traits@D@std@@V?$allocator@D@2@@std@@U?$pair@$$CBV?$basic_string@DU?$char_traits@D@std@@V?$allocator@D@2@@std@@V12@@2@U_Kfn@?$map@V?$basic_string@DU?$char_traits@D@std@@V?$allocator@D@2@@std@@V12@U?$less@V?$basic_string@DU?$char_traits@D@std@@V?$allocator@D@2@@std@@@2@V?$allocator@V?$basic_string@DU?$char_traits@D@std@@V?$allocator@D@2@@std@@@2@@2@U?$less@V?$basic_string@DU?$char_traits@D@std@@V?$allocator@D@2@@std@@@2@V?$allocator@V?$basic_string@DU?$char_traits@D@std@@V?$allocator@D@2@@std@@@2@@std@@IAEXPAU_Node@12@@Z 10012a70 f i NetHandlers.obj
 0001:00011ac0       ?_Buynode@?$_Tree@V?$basic_string@DU?$char_traits@D@std@@V?$allocator@D@2@@std@@U?$pair@$$CBV?$basic_string@DU?$char_traits@D@std@@V?$allocator@D@2@@std@@V12@@2@U_Kfn@?$map@V?$basic_string@DU?$char_traits@D@std@@V?$allocator@D@2@@std@@V12@U?$less@V?$basic_string@DU?$char_traits@D@std@@V?$allocator@D@2@@std@@@2@V?$allocator@V?$basic_string@DU?$char_traits@D@std@@V?$allocator@D@2@@std@@@2@@2@U?$less@V?$basic_string@DU?$char_traits@D@std@@V?$allocator@D@2@@std@@@2@V?$allocator@V?$basic_string@DU?$char_traits@D@std@@V?$allocator@D@2@@std@@@2@@std@@IAEPAU_Node@12@PAU312@D@Z 10012ac0 f i NetHandlers.obj
 0001:00011af0       ??Eiterator@?$_Tree@V?$basic_string@DU?$char_traits@D@std@@V?$allocator@D@2@@std@@U?$pair@$$CBV?$basic_string@DU?$char_traits@D@std@@V?$allocator@D@2@@std@@V12@@2@U_Kfn@?$map@V?$basic_string@DU?$char_traits@D@std@@V?$allocator@D@2@@std@@V12@U?$less@V?$basic_string@DU?$char_traits@D@std@@V?$allocator@D@2@@std@@@2@V?$allocator@V?$basic_string@DU?$char_traits@D@std@@V?$allocator@D@2@@std@@@2@@2@U?$less@V?$basic_string@DU?$char_traits@D@std@@V?$allocator@D@2@@std@@@2@V?$allocator@V?$basic_string@DU?$char_traits@D@std@@V?$allocator@D@2@@std@@@2@@std@@QAE?AV012@H@Z 10012af0 f i NetHandlers.obj
 0001:00011b50       ?insert@?$_Tree@V?$basic_string@DU?$char_traits@D@std@@V?$allocator@D@2@@std@@U?$pair@$$CBV?$basic_string@DU?$char_traits@D@std@@V?$allocator@D@2@@std@@V?$set@VAgentHandle@@U?$less@VAgentHandle@@@std@@V?$allocator@VAgentHandle@@@3@@2@@2@U_Kfn@?$map@V?$basic_string@DU?$char_traits@D@std@@V?$allocator@D@2@@std@@V?$set@VAgentHandle@@U?$less@VAgentHandle@@@std@@V?$allocator@VAgentHandle@@@3@@2@U?$less@V?$basic_string@DU?$char_traits@D@std@@V?$allocator@D@2@@std@@@2@V?$allocator@V?$set@VAgentHandle@@U?$less@VAgentHandle@@@std@@V?$allocator@VAgentHandle@@@3@@std@@@2@@2@U?$less@V?$basic_string@DU?$char_traits@D@std@@V?$allocator@D@2@@std@@@2@V?$allocator@V?$set@VAgentHandle@@U?$less@VAgentHandle@@@std@@V?$allocator@VAgentHandle@@@3@@std@@@2@@std@@QAE?AU?$pair@Viterator@?$_Tree@V?$basic_string@DU?$char_traits@D@std@@V?$allocator@D@2@@std@@U?$pair@$$CBV?$basic_string@DU?$char_traits@D@std@@V?$allocator@D@2@@std@@V?$set@VAgentHandle@@U?$less@VAgentHandle@@@std@@V?$allocator@VAgentHandle@@@3@@2@@2@U_Kfn@?$map@V?$basic_string@DU?$char_traits@D@std@@V?$allocator@D@2@@std@@V?$set@VAgentHandle@@U?$less@VAgentHandle@@@std@@V?$allocator@VAgentHandle@@@3@@2@U?$less@V?$basic_string@DU?$char_traits@D@std@@V?$allocator@D@2@@std@@@2@V?$allocator@V?$set@VAgentHandle@@U?$less@VAgentHandle@@@std@@V?$allocator@VAgentHandle@@@3@@std@@@2@@2@U?$less@V?$basic_string@DU?$char_traits@D@std@@V?$allocator@D@2@@std@@@2@V?$allocator@V?$set@VAgentHandle@@U?$less@VAgentHandle@@@std@@V?$allocator@VAgentHandle@@@3@@std@@@2@@std@@_N@2@ABU?$pair@$$CBV?$basic_string@DU?$char_traits@D@std@@V?$allocator@D@2@@std@@V?$set@VAgentHandle@@U?$less@VAgentHandle@@@std@@V?$allocator@VAgentHandle@@@3@@2@@2@@Z 10012b50 f i NetHandlers.obj
 0001:00011dc0       ?_Erase@?$_Tree@V?$basic_string@DU?$char_traits@D@std@@V?$allocator@D@2@@std@@U?$pair@$$CBV?$basic_string@DU?$char_traits@D@std@@V?$allocator@D@2@@std@@V?$set@VAgentHandle@@U?$less@VAgentHandle@@@std@@V?$allocator@VAgentHandle@@@3@@2@@2@U_Kfn@?$map@V?$basic_string@DU?$char_traits@D@std@@V?$allocator@D@2@@std@@V?$set@VAgentHandle@@U?$less@VAgentHandle@@@std@@V?$allocator@VAgentHandle@@@3@@2@U?$less@V?$basic_string@DU?$char_traits@D@std@@V?$allocator@D@2@@std@@@2@V?$allocator@V?$set@VAgentHandle@@U?$less@VAgentHandle@@@std@@V?$allocator@VAgentHandle@@@3@@std@@@2@@2@U?$less@V?$basic_string@DU?$char_traits@D@std@@V?$allocator@D@2@@std@@@2@V?$allocator@V?$set@VAgentHandle@@U?$less@VAgentHandle@@@std@@V?$allocator@VAgentHandle@@@3@@std@@@2@@std@@IAEXPAU_Node@12@@Z 10012dc0 f i NetHandlers.obj
 0001:00011e10       ?_Min@?$_Tree@V?$basic_string@DU?$char_traits@D@std@@V?$allocator@D@2@@std@@U?$pair@$$CBV?$basic_string@DU?$char_traits@D@std@@V?$allocator@D@2@@std@@V?$set@VAgentHandle@@U?$less@VAgentHandle@@@std@@V?$allocator@VAgentHandle@@@3@@2@@2@U_Kfn@?$map@V?$basic_string@DU?$char_traits@D@std@@V?$allocator@D@2@@std@@V?$set@VAgentHandle@@U?$less@VAgentHandle@@@std@@V?$allocator@VAgentHandle@@@3@@2@U?$less@V?$basic_string@DU?$char_traits@D@std@@V?$allocator@D@2@@std@@@2@V?$allocator@V?$set@VAgentHandle@@U?$less@VAgentHandle@@@std@@V?$allocator@VAgentHandle@@@3@@std@@@2@@2@U?$less@V?$basic_string@DU?$char_traits@D@std@@V?$allocator@D@2@@std@@@2@V?$allocator@V?$set@VAgentHandle@@U?$less@VAgentHandle@@@std@@V?$allocator@VAgentHandle@@@3@@std@@@2@@std@@KAPAU_Node@12@PAU312@@Z 10012e10 f i NetHandlers.obj
 0001:00011e30       ??0?$_Tree@VAgentHandle@@V1@U_Kfn@?$set@VAgentHandle@@U?$less@VAgentHandle@@@std@@V?$allocator@VAgentHandle@@@3@@std@@U?$less@VAgentHandle@@@4@V?$allocator@VAgentHandle@@@4@@std@@QAE@ABU?$less@VAgentHandle@@@1@_NABV?$allocator@VAgentHandle@@@1@@Z 10012e30 f i NetHandlers.obj
 0001:00011ea0       ?lower_bound@?$_Tree@VAgentHandle@@V1@U_Kfn@?$set@VAgentHandle@@U?$less@VAgentHandle@@@std@@V?$allocator@VAgentHandle@@@3@@std@@U?$less@VAgentHandle@@@4@V?$allocator@VAgentHandle@@@4@@std@@QAE?AViterator@12@ABVAgentHandle@@@Z 10012ea0 f i NetHandlers.obj
 0001:00011ef0       ?_Copy@?$_Tree@VAgentHandle@@V1@U_Kfn@?$set@VAgentHandle@@U?$less@VAgentHandle@@@std@@V?$allocator@VAgentHandle@@@3@@std@@U?$less@VAgentHandle@@@4@V?$allocator@VAgentHandle@@@4@@std@@IAEPAU_Node@12@PAU312@0@Z 10012ef0 f i NetHandlers.obj
 0001:00011f80       ?_Erase@?$_Tree@VAgentHandle@@V1@U_Kfn@?$set@VAgentHandle@@U?$less@VAgentHandle@@@std@@V?$allocator@VAgentHandle@@@3@@std@@U?$less@VAgentHandle@@@4@V?$allocator@VAgentHandle@@@4@@std@@IAEXPAU_Node@12@@Z 10012f80 f i NetHandlers.obj
 0001:00011fd0       ?_Insert@?$_Tree@VAgentHandle@@V1@U_Kfn@?$set@VAgentHandle@@U?$less@VAgentHandle@@@std@@V?$allocator@VAgentHandle@@@3@@std@@U?$less@VAgentHandle@@@4@V?$allocator@VAgentHandle@@@4@@std@@IAE?AViterator@12@PAU_Node@12@0ABVAgentHandle@@@Z 10012fd0 f i NetHandlers.obj
 0001:00012220       ?_Lrotate@?$_Tree@V?$basic_string@DU?$char_traits@D@std@@V?$allocator@D@2@@std@@U?$pair@$$CBV?$basic_string@DU?$char_traits@D@std@@V?$allocator@D@2@@std@@V?$set@VAgentHandle@@U?$less@VAgentHandle@@@std@@V?$allocator@VAgentHandle@@@3@@2@@2@U_Kfn@?$map@V?$basic_string@DU?$char_traits@D@std@@V?$allocator@D@2@@std@@V?$set@VAgentHandle@@U?$less@VAgentHandle@@@std@@V?$allocator@VAgentHandle@@@3@@2@U?$less@V?$basic_string@DU?$char_traits@D@std@@V?$allocator@D@2@@std@@@2@V?$allocator@V?$set@VAgentHandle@@U?$less@VAgentHandle@@@std@@V?$allocator@VAgentHandle@@@3@@std@@@2@@2@U?$less@V?$basic_string@DU?$char_traits@D@std@@V?$allocator@D@2@@std@@@2@V?$allocator@V?$set@VAgentHandle@@U?$less@VAgentHandle@@@std@@V?$allocator@VAgentHandle@@@3@@std@@@2@@std@@IAEXPAU_Node@12@@Z 10013220 f i NetHandlers.obj
 0001:00012220       ?_Lrotate@?$_Tree@V?$basic_string@DU?$char_traits@D@std@@V?$allocator@D@2@@std@@V12@U_Kfn@?$set@V?$basic_string@DU?$char_traits@D@std@@V?$allocator@D@2@@std@@U?$less@V?$basic_string@DU?$char_traits@D@std@@V?$allocator@D@2@@std@@@2@V?$allocator@V?$basic_string@DU?$char_traits@D@std@@V?$allocator@D@2@@std@@@2@@2@U?$less@V?$basic_string@DU?$char_traits@D@std@@V?$allocator@D@2@@std@@@2@V?$allocator@V?$basic_string@DU?$char_traits@D@std@@V?$allocator@D@2@@std@@@2@@std@@IAEXPAU_Node@12@@Z 10013220 f i NetHandlers.obj
 0001:00012220       ?_Lrotate@?$_Tree@V?$basic_string@DU?$char_traits@D@std@@V?$allocator@D@2@@std@@U?$pair@$$CBV?$basic_string@DU?$char_traits@D@std@@V?$allocator@D@2@@std@@_N@2@U_Kfn@?$map@V?$basic_string@DU?$char_traits@D@std@@V?$allocator@D@2@@std@@_NU?$less@V?$basic_string@DU?$char_traits@D@std@@V?$allocator@D@2@@std@@@2@V?$allocator@_N@2@@2@U?$less@V?$basic_string@DU?$char_traits@D@std@@V?$allocator@D@2@@std@@@2@V?$allocator@_N@2@@std@@IAEXPAU_Node@12@@Z 10013220 f i NetHandlers.obj
 0001:00012220       ?_Lrotate@?$_Tree@V?$basic_string@DU?$char_traits@D@std@@V?$allocator@D@2@@std@@U?$pair@$$CBV?$basic_string@DU?$char_traits@D@std@@V?$allocator@D@2@@std@@PAVNetDirectLink@@@2@U_Kfn@?$multimap@V?$basic_string@DU?$char_traits@D@std@@V?$allocator@D@2@@std@@PAVNetDirectLink@@U?$less@V?$basic_string@DU?$char_traits@D@std@@V?$allocator@D@2@@std@@@2@V?$allocator@PAVNetDirectLink@@@2@@2@U?$less@V?$basic_string@DU?$char_traits@D@std@@V?$allocator@D@2@@std@@@2@V?$allocator@PAVNetDirectLink@@@2@@std@@IAEXPAU_Node@12@@Z 10013220 f i NetHandlers.obj
 0001:00012220       ?_Lrotate@?$_Tree@HU?$pair@$$CBHPAVCBabelAsyncCore@@@std@@U_Kfn@?$map@HPAVCBabelAsyncCore@@U?$less@H@std@@V?$allocator@PAVCBabelAsyncCore@@@3@@2@U?$less@H@2@V?$allocator@PAVCBabelAsyncCore@@@2@@std@@IAEXPAU_Node@12@@Z 10013220 f i NetHandlers.obj
 0001:00012220       ?_Lrotate@?$_Tree@VAgentHandle@@V1@U_Kfn@?$set@VAgentHandle@@U?$less@VAgentHandle@@@std@@V?$allocator@VAgentHandle@@@3@@std@@U?$less@VAgentHandle@@@4@V?$allocator@VAgentHandle@@@4@@std@@IAEXPAU_Node@12@@Z 10013220 f i NetHandlers.obj
 0001:00012280       ?_Min@?$_Tree@VAgentHandle@@V1@U_Kfn@?$set@VAgentHandle@@U?$less@VAgentHandle@@@std@@V?$allocator@VAgentHandle@@@3@@std@@U?$less@VAgentHandle@@@4@V?$allocator@VAgentHandle@@@4@@std@@KAPAU_Node@12@PAU312@@Z 10013280 f i NetHandlers.obj
 0001:000122a0       ?_Buynode@?$_Tree@VAgentHandle@@V1@U_Kfn@?$set@VAgentHandle@@U?$less@VAgentHandle@@@std@@V?$allocator@VAgentHandle@@@3@@std@@U?$less@VAgentHandle@@@4@V?$allocator@VAgentHandle@@@4@@std@@IAEPAU_Node@12@PAU312@D@Z 100132a0 f i NetHandlers.obj
 0001:000122d0       ??Eiterator@?$_Tree@VAgentHandle@@V1@U_Kfn@?$set@VAgentHandle@@U?$less@VAgentHandle@@@std@@V?$allocator@VAgentHandle@@@3@@std@@U?$less@VAgentHandle@@@4@V?$allocator@VAgentHandle@@@4@@std@@QAE?AV012@H@Z 100132d0 f i NetHandlers.obj
 0001:00012330       ?erase@?$_Tree@HU?$pair@$$CBHPAVCBabelAsyncCore@@@std@@U_Kfn@?$map@HPAVCBabelAsyncCore@@U?$less@H@std@@V?$allocator@PAVCBabelAsyncCore@@@3@@2@U?$less@H@2@V?$allocator@PAVCBabelAsyncCore@@@2@@std@@QAE?AViterator@12@V312@@Z 10013330 f i NetHandlers.obj
 0001:00012330       ?erase@?$_Tree@PBMU?$pair@QBMJ@std@@U_Kfn@?$map@PBMJU?$less@PBM@std@@V?$allocator@J@2@@2@U?$less@PBM@2@V?$allocator@J@2@@std@@QAE?AViterator@12@V312@@Z 10013330 f i NetHandlers.obj
 0001:00012330       ?erase@?$_Tree@PBVPersistentObject@@U?$pair@QBVPersistentObject@@J@std@@U_Kfn@?$map@PBVPersistentObject@@JU?$less@PBVPersistentObject@@@std@@V?$allocator@J@3@@3@U?$less@PBVPersistentObject@@@3@V?$allocator@J@3@@std@@QAE?AViterator@12@V312@@Z 10013330 f i NetHandlers.obj
 0001:00012330       ?erase@?$_Tree@PAVCBabelClient@@U?$pair@QAVCBabelClient@@PAVNetManager@@@std@@U_Kfn@?$map@PAVCBabelClient@@PAVNetManager@@U?$less@PAVCBabelClient@@@std@@V?$allocator@PAVNetManager@@@4@@3@U?$less@PAVCBabelClient@@@3@V?$allocator@PAVNetManager@@@3@@std@@QAE?AViterator@12@V312@@Z 10013330 f i NetHandlers.obj
 0001:000126f0       ?_Copy@?$_Tree@PBVPersistentObject@@U?$pair@QBVPersistentObject@@J@std@@U_Kfn@?$map@PBVPersistentObject@@JU?$less@PBVPersistentObject@@@std@@V?$allocator@J@3@@3@U?$less@PBVPersistentObject@@@3@V?$allocator@J@3@@std@@IAEPAU_Node@12@PAU312@0@Z 100136f0 f i NetHandlers.obj
[...]
 0003:00001f08       ??_R0?AVCBabelShortUserDataObject@@@8 10040f08     NetDebugListUsers.obj
 0003:00001f30       ??_C@_0BE@DMOA@heart?4creatures?4net?$AA@ 10040f30     NetDebugListUsers.obj
 0003:00001f48       ??_R0?AVCBabelConnection@@@8 10040f48     NetDirectLink.obj
 0003:00001f68       ??_R0?AVNetDirectLink@@@8  10040f68     NetDirectLink.obj
 0003:00001f88       ??_R0?AVCBabelSocket@@@8   10040f88     NetDirectLink.obj
 0003:00001fa8       ??_R0?AVCBabelSyncSocket@@@8 10040fa8     NetDirectLink.obj
 0003:00001fc8       ??_R0?AVCBabelReadWriteSocket@@@8 10040fc8     NetDirectLink.obj
 0003:00001fec       ?ourOverridePort@NetManager@@1HA 10040fec     NetManager.obj
 0003:00001ff0       ??_C@_05GHDF@?4warp?$AA@   10040ff0     NetManager.obj
 0003:00001ff8       ??_C@_0FG@NIFP@?$CK?$CK?$CK?$CK?$CK?5Warning?5?9?5couldn?8t?5display@ 10040ff8     NetManager.obj
 0003:00002050       ??_R0?AV?$MemberFunctionQueuedMessage@VNetManager@@@@@8 10041050     NetManager.obj
 0003:0000208c       ??_C@_0N@IKAC@Going?5online?$AA@ 1004108c     NetManager.obj
 0003:0000209c       ??_C@_01GJD@?9?$AA@        1004109c     NetManager.obj
 0003:000020a0       ??_C@_01KGOM@T?$AA@        100410a0     NetManager.obj
 0003:000020a8       ??_R0?AVInternalQueuedMessage@@@8 100410a8     NetManager.obj
 0003:000020cc       ??_C@_0BE@LIOP@Sending?5message?5to?5?$AA@ 100410cc     NetManager.obj
 0003:000020e0       ??_C@_06BJFP@?5size?5?$AA@ 100410e0     NetManager.obj
 0003:000020e8       ??_C@_01FDHG@?$CK?$AA@     100410e8     NetManager.obj
 0003:000020ec       ??_C@_0FB@MBFA@Outbox?5message?5send?5failed?5?$CIprob@ 100410ec     NetManager.obj
 0003:00002140       ??_C@_0BH@BDAH@Fetching?5nickname?5for?5?$AA@ 10041140     NetManager.obj
 0003:00002158       ??_C@_0BO@COKK@?5to?5WWR?5?$CIand?5possibly?5others?$CJ?$AA@ 10041158     NetManager.obj
 0003:00002178       ??_C@_07IKOB@Adding?5?$AA@ 10041178     NetManager.obj
 0003:00002180       ??_C@_0BI@HLCI@Retrieving?5Babel?5status?$AA@ 10041180     NetManager.obj
 0003:00002198       ??_C@_0DO@GIMH@Duff?5message?5spooled?5in?0?5not?5BAB@ 10041198     NetManager.obj
 0003:000021d8       ??_C@_0EJ@MLDK@Message?5discarded?5because?5it?5was@ 100411d8     NetManager.obj
 0003:00002224       ??_C@_0EL@BPIH@File?5write?5to?5?$CFs?5failed?5while?5sp@ 10041224     NetManager.obj
 0003:00002270       ??_C@_0EK@EHFN@File?5open?5to?5?$CFs?5failed?5while?5spo@ 10041270     NetManager.obj
 0003:000022bc       ??_C@_02JKAF@rb?$AA@       100412bc     NetMemoryPack.obj
 0003:000022c0       ??_C@_01PJOB@?$CL?$AA@     100412c0     NetUtilities.obj
 0003:000022c4       ?ourTimestamp@QueuedMessage@@0IA 100412c4     QueuedMessage.obj
 0003:000022d0       ??_R0?AVtype_info@@@8      100412d0     msvcrt:ti_inst.obj
 0003:000022f0       ??_C@_05MLOK@Babel?$AA@    100412f0     BabelClientC2e:BabelClient.obj
 0003:000022f8       ??_C@_06NILE@System?$AA@   100412f8     BabelClientC2e:BabelClient.obj
 0003:00002300       ??_C@_03NBNC@The?$AA@      10041300     BabelClientC2e:BabelClient.obj
 0003:00002304       ??_C@_05BPMN@Heart?$AA@    10041304     BabelClientC2e:BabelClient.obj
 0003:0000230c       ??_C@_0CJ@MNBK@CBabelClient?3?3Connect?51?5exceptio@ 1004130c     BabelClientC2e:BabelClient.obj
 0003:00002338       ??_C@_0CJ@PDAG@CBabelClient?3?3Connect?52?5exceptio@ 10041338     BabelClientC2e:BabelClient.obj
 0003:00002364       ??_C@_0DI@NJAA@?$DO?$DO?$DO?$DO?$DO?5WHAT?$CB?$CB?$CB?5I?5don?8t?5understand@ 10041364     BabelClientC2e:BabelClient.obj
 0003:0000239c       ??_C@_0CP@DJHM@CBabelAsyncCoreChild?3?3ThreadCore@ 1004139c     BabelClientC2e:BabelAsyncCore.obj
 0003:000023cc       ??_C@_0CP@MGMF@CBabelAsyncCoreChild?3?3ThreadCore@ 100413cc     BabelClientC2e:BabelAsyncCore.obj
 0003:000023fc       ??_C@_0DL@BDML@?$CD?$CD?$CD?5WSAError?5?$CFd?5?$CI0x?$CFx?$CJ?5?$CFd?5?$HLCBabe@ 100413fc     BabelClientC2e:BabelAsyncCore.obj
 0003:00002438       ??_C@_0CB@LFBA@CBabelAsyncCore?5recverror?5?91?4?4?4?4@ 10041438     BabelClientC2e:BabelAsyncCore.obj
 0003:0000245c       ??_C@_0CB@KBBP@CBabelAsyncCore?5recv?5error?50?4?4?4?4@ 1004145c     BabelClientC2e:BabelAsyncCore.obj
 0003:00002480       ??_C@_0BE@HNBN@UNHANDLED?5Accept?5?$CFd?$AA@ 10041480     BabelClientC2e:BabelAsyncCore.obj
 0003:00002494       ??_C@_0CK@IDLJ@CBabelSyncSocket?3?3BytesReady?5WSA@ 10041494     BabelClientC2e:BabelRawSocket.obj
 0003:000024c0       ??_C@_0DD@PAPO@?$CD?$CD?$CD?5Error?5is?5BABEL_ENOTSOCK?5so?5s@ 100414c0     BabelClientC2e:BabelRawSocket.obj
 0003:000024f4       ??_C@_0BH@CDPP@?$CD?$CD?$CD?5WSAError?5?$CFd?5?$CI0x?$CFx?$CJ?$AA@ 100414f4     BabelClientC2e:BabelRawSocket.obj
 0003:0000250c       ??_C@_0CD@GBJM@?$CK?$CK?$CK?$CK?5Connect?3?5no?5more?5sockets?5?$CK?$CK@ 1004150c     BabelClientC2e:BabelRawSocket.obj
 0003:00002530       ??_C@_0DN@HJPK@CBabelDConnection?3?3Handle?5?9?5Some@ 10041530     BabelClientC2e:BabelDConnection.obj
 0003:00002570       ??_C@_0BK@KJJD@ctlcpc180?4cyberlife?4co?4uk?$AA@ 10041570     BabelClientC2e:BabelDConnection.obj
 0003:0000258c       ??_C@_0BK@IPOE@No?5data?5on?5virtual?5packet?$AA@ 1004158c     BabelClientC2e:BabelDConnection.obj
 0003:000025a8       ??_C@_0FF@GJAK@?$CK?$CK?$CK?$CK?$CK?5Warning?5?9?5couldn?8t?5display@ 100415a8     BabelClientC2e:BabelTrace.obj
 0003:00002600       ??_C@_01BJG@?6?$AA@        10041600     BabelClientC2e:BabelTrace.obj
 0003:00002604       ??_C@_0DN@OMGD@Like?5durrrr?0?5I?5haven?8t?5set?5one?5u@ 10041604     BabelClientC2e:BabelClientPeerLink.obj
 0003:00002650       ?ourSubStringRVTable_NET@@3PAVOpSpec@@A 10041650     NetHandlers.obj
 0003:000028d0       ?myHearingMap@NetHandlers@@0V?$map@V?$basic_string@DU?$char_traits@D@std@@V?$allocator@D@2@@std@@V?$set@VAgentHandle@@U?$less@VAgentHandle@@@std@@V?$allocator@VAgentHandle@@@3@@2@U?$less@V?$basic_string@DU?$char_traits@D@std@@V?$allocator@D@2@@std@@@2@V?$allocator@V?$set@VAgentHandle@@U?$less@VAgentHandle@@@std@@V?$allocator@VAgentHandle@@@3@@std@@@2@@std@@A 100418d0     NetHandlers.obj
 0003:000028e8       ?myWhoseWantedMap@NetHandlers@@0V?$map@V?$basic_string@DU?$char_traits@D@std@@V?$allocator@D@2@@std@@V?$set@VAgentHandle@@U?$less@VAgentHandle@@@std@@V?$allocator@VAgentHandle@@@3@@2@U?$less@V?$basic_string@DU?$char_traits@D@std@@V?$allocator@D@2@@std@@@2@V?$allocator@V?$set@VAgentHandle@@U?$less@VAgentHandle@@@std@@V?$allocator@VAgentHandle@@@3@@std@@@2@@std@@A 100418e8     NetHandlers.obj
 0003:00002900       ?myPasswordConfig@NetHandlers@@0VConfigurator@@A 10041900     NetHandlers.obj
 0003:00002928       ?myNickname@NetHandlers@@0V?$basic_string@DU?$char_traits@D@std@@V?$allocator@D@2@@std@@A 10041928     NetHandlers.obj
 0003:00002940       ?ourSubCommandTable_NET@@3PAVOpSpec@@A 10041940     NetHandlers.obj
 0003:00002f40       ?ourSubIntegerRVTable_NET@@3PAVOpSpec@@A 10041f40     NetHandlers.obj
 0003:00003240       ?myUserID@NetHandlers@@0V?$basic_string@DU?$char_traits@D@std@@V?$allocator@D@2@@std@@A 10042240     NetHandlers.obj
 0003:00003258       ?myServerConfig@NetHandlers@@0VConfigurator@@A 10042258     NetHandlers.obj
 0003:00003288       ?myPassword@NetHandlers@@0V?$basic_string@DU?$char_traits@D@std@@V?$allocator@D@2@@std@@A 10042288     NetHandlers.obj
 0003:00003298       ??_C@_00A@?$AA@            10042298     NetHandlers.obj
 0003:000032b0       ?NULLHANDLE@@3VAgentHandle@@A 100422b0     NetworkImplementation.obj
 0003:000032b8       ?COASVARAGENTNULL@@3VCAOSVar@@A 100422b8     NetworkImplementation.obj
 0003:000032d0       ?ourImplementation@@3VNetworkImplementation@@A 100422d0     NetworkImplementation.obj
 0003:00003360       ?INTEGERZERO@@3VCAOSVar@@A 10042360     NetworkImplementation.obj
 0003:00003388       ?ourInitialisingBabelClient@@3VCBabelClient@@A 10042388     NetManager.obj
 0003:000035a0       ?ourOverrideHost@NetManager@@1V?$basic_string@DU?$char_traits@D@std@@V?$allocator@D@2@@std@@A 100425a0     NetManager.obj
 0003:000035cc       ?BabelClient@@3PAVCBabelClient@@A 100425cc     BabelClientC2e:BabelClient.obj
 0003:000035d0       ?m_nBabelClients@CBabelClient@@0HA 100425d0     BabelClientC2e:BabelClient.obj
 0003:000035d8       ?add_channels_to_delete_cs@CBabelAsyncCore@@0VCBabelCriticalSection@@A 100425d8     BabelClientC2e:BabelAsyncCore.obj
 0003:000035f8       ?m_Closures@CBabelAsyncCore@@1V?$vector@PAVCBabelAsyncCore@@V?$allocator@PAVCBabelAsyncCore@@@std@@@std@@A 100425f8     BabelClientC2e:BabelAsyncCore.obj
 0003:00003608       ?delete_closed_channels_cs@CBabelAsyncCore@@0VCBabelCriticalSection@@A 10042608     BabelClientC2e:BabelAsyncCore.obj
 0003:00003628       ?channels@CBabelAsyncCore@@1V?$map@HPAVCBabelAsyncCore@@U?$less@H@std@@V?$allocator@PAVCBabelAsyncCore@@@3@@std@@A 10042628     BabelClientC2e:BabelAsyncCore.obj
 0003:00003640       ?m_Children@CBabelAsyncCore@@2V?$vector@PAVCBabelAsyncCoreChild@@V?$allocator@PAVCBabelAsyncCoreChild@@@std@@@std@@A 10042640     BabelClientC2e:BabelAsyncCore.obj
 0003:00003652       ?our_bMaintain@CBabelAsyncCore@@0_NA 10042652     BabelClientC2e:BabelAsyncCore.obj
 0003:00003654       __adjust_fdiv              10042654     <common>
 0003:00003658       __pRawDllMain              10042658     <common>
 0003:0000365c       ___onexitend               1004265c     <common>
 0003:00003660       ___onexitbegin             10042660     <common>

 entry point at        0001:0002859a

 Static symbols

 0001:00026d70       _$E23                      10027d70 f   HistoryTransferOut.obj
 0001:00026d80       _$E22                      10027d80 f   HistoryTransferOut.obj
 0001:00026da0       _$E28                      10027da0 f   HistoryTransferOut.obj
 0001:00026db0       _$E25                      10027db0 f   HistoryTransferOut.obj
 0001:00026dc0       _$E27                      10027dc0 f   HistoryTransferOut.obj
 0001:00026dd0       _$E26                      10027dd0 f   HistoryTransferOut.obj
 0001:00026de0       _$E34                      10027de0 f   HistoryTransferOut.obj
 0001:00026df0       _$E31                      10027df0 f   HistoryTransferOut.obj
 0001:00026e00       _$E33                      10027e00 f   HistoryTransferOut.obj
 0001:00026e10       _$E32                      10027e10 f   HistoryTransferOut.obj
 0001:0001d570       _$E47                      1001e570 f   NetManager.obj
 0001:0001d580       _$E44                      1001e580 f   NetManager.obj
 0001:0001d590       _$E46                      1001e590 f   NetManager.obj
 0001:0001d5a0       _$E45                      1001e5a0 f   NetManager.obj
 0001:0001d5b0       _$E53                      1001e5b0 f   NetManager.obj
 0001:0001d5c0       _$E49                      1001e5c0 f   NetManager.obj
 0001:0001d6b0       _$E52                      1001e6b0 f   NetManager.obj
 0001:0001d6c0       _$E50                      1001e6c0 f   NetManager.obj
 0001:0001f710       _$E56                      10020710 f   NetManager.obj
 0001:0001f850       _$E58                      10020850 f   NetManager.obj
 0001:000170a0       _$E23                      100180a0 f   NetworkImplementation.obj
 0001:000170b0       _$E22                      100180b0 f   NetworkImplementation.obj
 0001:000170d0       _$E28                      100180d0 f   NetworkImplementation.obj
 0001:000170e0       _$E25                      100180e0 f   NetworkImplementation.obj
 0001:000170f0       _$E27                      100180f0 f   NetworkImplementation.obj
 0001:00017100       _$E26                      10018100 f   NetworkImplementation.obj
 0001:00017110       _$E34                      10018110 f   NetworkImplementation.obj
 0001:00017120       _$E31                      10018120 f   NetworkImplementation.obj
 0001:00017130       _$E33                      10018130 f   NetworkImplementation.obj
 0001:00017140       _$E32                      10018140 f   NetworkImplementation.obj
 0001:00018490       _$E83                      10019490 f   NetworkImplementation.obj
 0001:000184a0       _$E80                      100194a0 f   NetworkImplementation.obj
 0001:000184b0       _$E82                      100194b0 f   NetworkImplementation.obj
 0001:000184c0       _$E81                      100194c0 f   NetworkImplementation.obj
 0001:000184d0       _$E88                      100194d0 f   NetworkImplementation.obj
 0001:000184e0       _$E85                      100194e0 f   NetworkImplementation.obj
 0001:000184f0       _$E87                      100194f0 f   NetworkImplementation.obj
 0001:00018500       _$E86                      10019500 f   NetworkImplementation.obj
 0001:00018510       _$E93                      10019510 f   NetworkImplementation.obj
 0001:00018520       _$E90                      10019520 f   NetworkImplementation.obj
 0001:00018530       _$E92                      10019530 f   NetworkImplementation.obj
 0001:00018540       _$E91                      10019540 f   NetworkImplementation.obj
 0001:00018550       _$E98                      10019550 f   NetworkImplementation.obj
 0001:00018560       _$E95                      10019560 f   NetworkImplementation.obj
 0001:00018570       _$E97                      10019570 f   NetworkImplementation.obj
 0001:00018580       _$E96                      10019580 f   NetworkImplementation.obj
 0001:00016fd0       _$E2                       10017fd0 f   NetLogImplementation.obj
 0001:00016fe0       _$E1                       10017fe0 f   NetLogImplementation.obj
 0001:00017000       _$E28                      10018000 f   NetLogImplementation.obj
 0001:00017010       _$E25                      10018010 f   NetLogImplementation.obj
 0001:00017020       _$E27                      10018020 f   NetLogImplementation.obj
 0001:00017030       _$E26                      10018030 f   NetLogImplementation.obj
 0001:00017040       _$E34                      10018040 f   NetLogImplementation.obj
 0001:00017050       _$E31                      10018050 f   NetLogImplementation.obj
 0001:00017060       _$E33                      10018060 f   NetLogImplementation.obj
 0001:00017070       _$E32                      10018070 f   NetLogImplementation.obj
 0001:00000650       _$E30                      10001650 f   NetHandlers.obj
 0001:00000660       _$E29                      10001660 f   NetHandlers.obj
 0001:000006a0       _$E35                      100016a0 f   NetHandlers.obj
 0001:000006b0       _$E32                      100016b0 f   NetHandlers.obj
 0001:000006c0       _$E34                      100016c0 f   NetHandlers.obj
 0001:000006d0       _$E33                      100016d0 f   NetHandlers.obj
 0001:000006e0       _$E41                      100016e0 f   NetHandlers.obj
 0001:000006f0       _$E38                      100016f0 f   NetHandlers.obj
 0001:00000700       _$E40                      10001700 f   NetHandlers.obj
 0001:00000710       _$E39                      10001710 f   NetHandlers.obj
 0001:00004ee0       _$E103                     10005ee0 f   NetHandlers.obj
 0001:00004ef0       _$E99                      10005ef0 f   NetHandlers.obj
 0001:00004f10       _$E102                     10005f10 f   NetHandlers.obj
 0001:00004f20       _$E100                     10005f20 f   NetHandlers.obj
 0001:00005010       _$E109                     10006010 f   NetHandlers.obj
 0001:00005020       _$E105                     10006020 f   NetHandlers.obj
 0001:00005040       _$E108                     10006040 f   NetHandlers.obj
 0001:00005050       _$E106                     10006050 f   NetHandlers.obj
 0001:00005070       _$E114                     10006070 f   NetHandlers.obj
 0001:00005080       _$E111                     10006080 f   NetHandlers.obj
 0001:000050b0       _$E113                     100060b0 f   NetHandlers.obj
 0001:000050c0       _$E112                     100060c0 f   NetHandlers.obj
 0001:00005120       _$E119                     10006120 f   NetHandlers.obj
 0001:00005130       _$E116                     10006130 f   NetHandlers.obj
 0001:00005160       _$E118                     10006160 f   NetHandlers.obj
 0001:00005170       _$E117                     10006170 f   NetHandlers.obj
 0001:000051d0       _$E124                     100061d0 f   NetHandlers.obj
 0001:000051e0       _$E121                     100061e0 f   NetHandlers.obj
 0001:00005210       _$E123                     10006210 f   NetHandlers.obj
 0001:00005220       _$E122                     10006220 f   NetHandlers.obj
 0001:00005280       _$E129                     10006280 f   NetHandlers.obj
 0001:00005290       _$E126                     10006290 f   NetHandlers.obj
 0001:000052a0       _$E128                     100062a0 f   NetHandlers.obj
 0001:000052b0       _$E127                     100062b0 f   NetHandlers.obj
 0001:000052d0       _$E134                     100062d0 f   NetHandlers.obj
 0001:000052e0       _$E131                     100062e0 f   NetHandlers.obj
 0001:000052f0       _$E133                     100062f0 f   NetHandlers.obj
 0001:00005300       _$E132                     10006300 f   NetHandlers.obj
 0001:00005570       _$E139                     10006570 f   NetHandlers.obj
 0001:00005580       _$E136                     10006580 f   NetHandlers.obj
 0001:000069d0       _$E138                     100079d0 f   NetHandlers.obj
 0001:000069e0       _$E137                     100079e0 f   NetHandlers.obj
 0001:00006c30       _$E144                     10007c30 f   NetHandlers.obj
 0001:00006c40       _$E141                     10007c40 f   NetHandlers.obj
 0001:00007530       _$E143                     10008530 f   NetHandlers.obj
 0001:00007540       _$E142                     10008540 f   NetHandlers.obj
 0001:00007560       _$E149                     10008560 f   NetHandlers.obj
 0001:00007570       _$E146                     10008570 f   NetHandlers.obj
 0001:00007ce0       _$E148                     10008ce0 f   NetHandlers.obj
 0001:00007cf0       _$E147                     10008cf0 f   NetHandlers.obj
 0001:0002848e       ?ArrayUnwindFilter@@YAHPAU_EXCEPTION_POINTERS@@@Z 1002948e f   msvcrt:ehvecdtr.obj
 0001:0002c120       _$E43                      1002d120 f   BabelClientC2e:BabelAsyncCore.obj
 0001:0002c130       _$E39                      1002d130 f   BabelClientC2e:BabelAsyncCore.obj
 0001:0002c150       _$E42                      1002d150 f   BabelClientC2e:BabelAsyncCore.obj
 0001:0002c160       _$E40                      1002d160 f   BabelClientC2e:BabelAsyncCore.obj
 0001:0002c240       _$E49                      1002d240 f   BabelClientC2e:BabelAsyncCore.obj
 0001:0002c250       _$E45                      1002d250 f   BabelClientC2e:BabelAsyncCore.obj
 0001:0002c280       _$E48                      1002d280 f   BabelClientC2e:BabelAsyncCore.obj
 0001:0002c290       _$E46                      1002d290 f   BabelClientC2e:BabelAsyncCore.obj
 0001:0002c2d0       _$E54                      1002d2d0 f   BabelClientC2e:BabelAsyncCore.obj
 0001:0002c2e0       _$E51                      1002d2e0 f   BabelClientC2e:BabelAsyncCore.obj
 0001:0002c310       _$E53                      1002d310 f   BabelClientC2e:BabelAsyncCore.obj
 0001:0002c320       _$E52                      1002d320 f   BabelClientC2e:BabelAsyncCore.obj
 0001:0002c360       _$E59                      1002d360 f   BabelClientC2e:BabelAsyncCore.obj
 0001:0002c370       _$E56                      1002d370 f   BabelClientC2e:BabelAsyncCore.obj
 0001:0002c390       _$E58                      1002d390 f   BabelClientC2e:BabelAsyncCore.obj
 0001:0002c3a0       _$E57                      1002d3a0 f   BabelClientC2e:BabelAsyncCore.obj
 0001:0002c3d0       _$E64                      1002d3d0 f   BabelClientC2e:BabelAsyncCore.obj
 0001:0002c3e0       _$E61                      1002d3e0 f   BabelClientC2e:BabelAsyncCore.obj
 0001:0002c400       _$E63                      1002d400 f   BabelClientC2e:BabelAsyncCore.obj
 0001:0002c410       _$E62                      1002d410 f   BabelClientC2e:BabelAsyncCore.obj

 15552 bytes saved through ICF

